<?xml version="1.0" encoding="utf-8"?>
<TestRun id="d7e3f3ec-eed5-47f6-8507-55955e2d76f0" name="Vahe@DESKTOP-NU2PNLJ 2026-08-31 04:05:21" runUser="DESKTOP-NU2PNLJ\Vahe" xmlns="http://microsoft.com/schemas/VisualStudio/TeamTest/2010">
  <Times creation="2026-08-31T04:05:21.7711645+04:00" queuing="2026-08-31T04:05:21.7711651+04:00" start="2026-08-31T04:05:19.9609376+04:00" finish="2026-08-31T04:05:21.7726520+04:00" />
  <TestSettings name="default" id="8ab5f771-bed6-4d6f-8d1c-84017320e311">
    <Deployment runDeploymentRoot="Vahe_DESKTOP-NU2PNLJ_2026-08-31_04_05_21" />
  </TestSettings>
  <TestLists>
    <TestList name="Results Not in a List" id="8c84fa94-04c1-424b-9868-57a2d4851a1d" />
    <TestList name="All Loaded Results" id="19431567-8539-422a-85d7-44ee4e166bda" />
  </TestLists>
  <ResultSummary outcome="Completed">
    <Counters total="0" executed="0" passed="0" failed="0" error="0" timeout="0" aborted="0" inconclusive="0" passedButRunAborted="0" notRunnable="0" notExecuted="0" disconnected="0" warning="0" completed="0" inProgress="0" pending="0" />
    <Output>
      <StdOut>[xUnit.net 00:00:00.00] xUnit.net VSTest Adapter v2.5.3.1+6b60a9e56a (64-bit .NET 8.0.29)&#xD;
[xUnit.net 00:00:00.21]   Discovering: CodePrintManager.Data.Tests&#xD;
[xUnit.net 00:00:00.31]   Discovered:  CodePrintManager.Data.Tests&#xD;
[xUnit.net 00:00:00.32]   Starting:    CodePrintManager.Data.Tests&#xD;
[xUnit.net 00:00:00.37]   Finished:    CodePrintManager.Data.Tests&#xD;
</StdOut>
    </Output>
    <RunInfos>
      <RunInfo computerName="DESKTOP-NU2PNLJ" outcome="Warning" timestamp="2026-08-31T04:05:21.5628507+04:00">
        <Text>No test matches the given testcase filter `FullyQualifiedName~Integration.Tests&amp;Category!=Slow` in C:\Users\Vahe\CascadeProjects\datamatrix-print-service\application\tests\CodePrintManager.Data.Tests\bin\Debug\net8.0\CodePrintManager.Data.Tests.dll</Text>
      </RunInfo>
    </RunInfos>
  </ResultSummary>
</TestRun>