<?xml version="1.0" encoding="utf-8"?>
<TestRun id="0e1a8396-f824-4162-9e00-b3034acf14dc" name="Vahe@DESKTOP-NU2PNLJ 2026-08-31 04:13:35" runUser="DESKTOP-NU2PNLJ\Vahe" xmlns="http://microsoft.com/schemas/VisualStudio/TeamTest/2010">
  <Times creation="2026-08-31T04:13:35.7035915+04:00" queuing="2026-08-31T04:13:35.7035923+04:00" start="2026-08-31T04:13:31.8149435+04:00" finish="2026-08-31T04:13:46.3108510+04:00" />
  <TestSettings name="default" id="adb46b52-2d74-4d11-ac80-139fbfb7ac8e">
    <Deployment runDeploymentRoot="Vahe_DESKTOP-NU2PNLJ_2026-08-31_04_13_35" />
  </TestSettings>
  <Results>
    <UnitTestResult executionId="c3a7bc94-dd35-4398-8961-476064e7af22" testId="c53f6a48-d1b4-3d15-45ee-05f741ddd546" testName="CodePrintManager.Printer.Savema.Tests.SpplCommandBuilderTests.GetTotalCounter_ReturnsExpectedCommand" computerName="DESKTOP-NU2PNLJ" duration="00:00:00.0004220" startTime="2026-08-31T04:13:35.5799188+04:00" endTime="2026-08-31T04:13:35.5799189+04:00" testType="13cdc9d9-ddb5-4fa4-a97d-d965ccfc6d4b" outcome="Passed" testListId="8c84fa94-04c1-424b-9868-57a2d4851a1d" relativeResultsDirectory="c3a7bc94-dd35-4398-8961-476064e7af22" />
    <UnitTestResult executionId="342ae5b2-5af9-408d-bded-dfb28437d84d" testId="05cf3ac9-8432-99b1-c219-41b89f8b6d25" testName="CodePrintManager.Printer.Savema.Tests.SpplResponseParserTests.IsValidCodeValue_ReturnsExpected(code: &quot;has\nnewline&quot;, expected: False)" computerName="DESKTOP-NU2PNLJ" duration="00:00:00.0004394" startTime="2026-08-31T04:13:35.5996749+04:00" endTime="2026-08-31T04:13:35.5996751+04:00" testType="13cdc9d9-ddb5-4fa4-a97d-d965ccfc6d4b" outcome="Passed" testListId="8c84fa94-04c1-424b-9868-57a2d4851a1d" relativeResultsDirectory="342ae5b2-5af9-408d-bded-dfb28437d84d" />
    <UnitTestResult executionId="430e56d7-795e-4fc3-a656-2d8198cef965" testId="cfe0d5e1-479e-24a1-880c-f643ef338676" testName="CodePrintManager.Printer.Savema.Tests.TcpAdapterTests.K1_NormalCommandResponse_ReturnsCorrectValues" computerName="DESKTOP-NU2PNLJ" duration="00:00:00.0266507" startTime="2026-08-31T04:13:35.7132763+04:00" endTime="2026-08-31T04:13:35.7132769+04:00" testType="13cdc9d9-ddb5-4fa4-a97d-d965ccfc6d4b" outcome="Passed" testListId="8c84fa94-04c1-424b-9868-57a2d4851a1d" relativeResultsDirectory="430e56d7-795e-4fc3-a656-2d8198cef965" />
    <UnitTestResult executionId="362b3f0c-f773-4bd7-8e33-a432c09b32a8" testId="5285deb3-e73c-e786-39a3-c7b78d4c87bf" testName="CodePrintManager.Printer.Savema.Tests.SpplCommandBuilderTests.GetCurrentCounter_ReturnsExpectedCommand" computerName="DESKTOP-NU2PNLJ" duration="00:00:00.0003619" startTime="2026-08-31T04:13:35.5801288+04:00" endTime="2026-08-31T04:13:35.5801289+04:00" testType="13cdc9d9-ddb5-4fa4-a97d-d965ccfc6d4b" outcome="Passed" testListId="8c84fa94-04c1-424b-9868-57a2d4851a1d" relativeResultsDirectory="362b3f0c-f773-4bd7-8e33-a432c09b32a8" />
    <UnitTestResult executionId="e69aa662-1111-4e34-8da4-586d0af8b854" testId="826e6ecb-1c38-7810-2a78-c418e0dc2338" testName="CodePrintManager.Printer.Savema.Tests.TcpAdapterTests.K4_ResponseTimeout_ThrowsIOException" computerName="DESKTOP-NU2PNLJ" duration="00:00:10.0719237" startTime="2026-08-31T04:13:45.9095072+04:00" endTime="2026-08-31T04:13:45.9095078+04:00" testType="13cdc9d9-ddb5-4fa4-a97d-d965ccfc6d4b" outcome="Passed" testListId="8c84fa94-04c1-424b-9868-57a2d4851a1d" relativeResultsDirectory="e69aa662-1111-4e34-8da4-586d0af8b854" />
    <UnitTestResult executionId="17cbd234-a873-4fe4-a030-fddef53111b9" testId="46220ad2-7c5a-3308-ccbf-2e56d09daec2" testName="CodePrintManager.Printer.Savema.Tests.SpplResponseParserTests.Parse_MissingColon_Throws" computerName="DESKTOP-NU2PNLJ" duration="00:00:00.0012434" startTime="2026-08-31T04:13:35.6199790+04:00" endTime="2026-08-31T04:13:35.6199792+04:00" testType="13cdc9d9-ddb5-4fa4-a97d-d965ccfc6d4b" outcome="Passed" testListId="8c84fa94-04c1-424b-9868-57a2d4851a1d" relativeResultsDirectory="17cbd234-a873-4fe4-a030-fddef53111b9" />
    <UnitTestResult executionId="14e881ab-b33e-4933-a387-7d13f96f6def" testId="482b3dcb-fcf2-f72c-bd8c-db319a867bb8" testName="CodePrintManager.Printer.Savema.Tests.SpplCommandBuilderTests.DeleteCsv_ReturnsExpectedCommand" computerName="DESKTOP-NU2PNLJ" duration="00:00:00.0005206" startTime="2026-08-31T04:13:35.5851686+04:00" endTime="2026-08-31T04:13:35.5851688+04:00" testType="13cdc9d9-ddb5-4fa4-a97d-d965ccfc6d4b" outcome="Passed" testListId="8c84fa94-04c1-424b-9868-57a2d4851a1d" relativeResultsDirectory="14e881ab-b33e-4933-a387-7d13f96f6def" />
    <UnitTestResult executionId="f617298e-6b28-4229-a527-7ceb34eaea04" testId="381c8293-c26b-2d3a-b0ff-2957772bbd45" testName="CodePrintManager.Printer.Savema.Tests.SpplResponseParserTests.IsValidCodeValue_ReturnsExpected(code: &quot;01234567890128&quot;, expected: True)" computerName="DESKTOP-NU2PNLJ" duration="00:00:00.0000097" startTime="2026-08-31T04:13:35.6000635+04:00" endTime="2026-08-31T04:13:35.6000636+04:00" testType="13cdc9d9-ddb5-4fa4-a97d-d965ccfc6d4b" outcome="Passed" testListId="8c84fa94-04c1-424b-9868-57a2d4851a1d" relativeResultsDirectory="f617298e-6b28-4229-a527-7ceb34eaea04" />
    <UnitTestResult executionId="3a6f8feb-c124-443b-b9fb-39999b4870a2" testId="7dc89847-eb39-d887-1195-5c7c5046fe7f" testName="CodePrintManager.Printer.Savema.Tests.SpplCommandBuilderTests.ActivateTemplate_ReturnsExpectedCommand" computerName="DESKTOP-NU2PNLJ" duration="00:00:00.0003590" startTime="2026-08-31T04:13:35.5850235+04:00" endTime="2026-08-31T04:13:35.5850237+04:00" testType="13cdc9d9-ddb5-4fa4-a97d-d965ccfc6d4b" outcome="Passed" testListId="8c84fa94-04c1-424b-9868-57a2d4851a1d" relativeResultsDirectory="3a6f8feb-c124-443b-b9fb-39999b4870a2" />
    <UnitTestResult executionId="7bbd878a-bf15-4d8e-8839-29c27132627d" testId="c4deeaf6-28c1-291e-4e2a-9ef933d0170e" testName="CodePrintManager.Printer.Savema.Tests.TcpAdapterTests.K6_ReconnectAfterDisconnect_Works" computerName="DESKTOP-NU2PNLJ" duration="00:00:00.2370331" startTime="2026-08-31T04:13:35.6424482+04:00" endTime="2026-08-31T04:13:35.6424490+04:00" testType="13cdc9d9-ddb5-4fa4-a97d-d965ccfc6d4b" outcome="Passed" testListId="8c84fa94-04c1-424b-9868-57a2d4851a1d" relativeResultsDirectory="7bbd878a-bf15-4d8e-8839-29c27132627d" />
    <UnitTestResult executionId="38d0e51f-b903-4fcf-863b-d03793ebb51b" testId="4e3b8180-03c0-ff39-6ae2-d713df8b072b" testName="CodePrintManager.Printer.Savema.Tests.TcpAdapterTests.K2_ConnectionDropAfterCommand_ThrowsIOException" computerName="DESKTOP-NU2PNLJ" duration="00:00:00.0236789" startTime="2026-08-31T04:13:35.8167724+04:00" endTime="2026-08-31T04:13:35.8167730+04:00" testType="13cdc9d9-ddb5-4fa4-a97d-d965ccfc6d4b" outcome="Passed" testListId="8c84fa94-04c1-424b-9868-57a2d4851a1d" relativeResultsDirectory="38d0e51f-b903-4fcf-863b-d03793ebb51b" />
    <UnitTestResult executionId="05055dfe-67ae-4aae-87f4-242dc7cb6963" testId="57dd5905-1071-6813-50dd-1aac9ff80c2a" testName="CodePrintManager.Printer.Savema.Tests.SpplCommandBuilderTests.ListCsvFiles_ReturnsExpectedCommand" computerName="DESKTOP-NU2PNLJ" duration="00:00:00.0003216" startTime="2026-08-31T04:13:35.4732773+04:00" endTime="2026-08-31T04:13:35.4732774+04:00" testType="13cdc9d9-ddb5-4fa4-a97d-d965ccfc6d4b" outcome="Passed" testListId="8c84fa94-04c1-424b-9868-57a2d4851a1d" relativeResultsDirectory="05055dfe-67ae-4aae-87f4-242dc7cb6963" />
    <UnitTestResult executionId="72362ffd-f62a-4d06-957a-7a6eb7281e3c" testId="346f5a8f-e06d-fc4f-29bf-8095a3405ce6" testName="CodePrintManager.Printer.Savema.Tests.SpplCommandBuilderTests.SetPrintQuantity_ReturnsExpectedCommand" computerName="DESKTOP-NU2PNLJ" duration="00:00:00.0004571" startTime="2026-08-31T04:13:35.5800087+04:00" endTime="2026-08-31T04:13:35.5800088+04:00" testType="13cdc9d9-ddb5-4fa4-a97d-d965ccfc6d4b" outcome="Passed" testListId="8c84fa94-04c1-424b-9868-57a2d4851a1d" relativeResultsDirectory="72362ffd-f62a-4d06-957a-7a6eb7281e3c" />
    <UnitTestResult executionId="ef3aa69e-c2a9-42ec-a5ec-acf7130f471c" testId="1ff332b9-3ab4-ef84-7e8b-0de59024c925" testName="CodePrintManager.Printer.Savema.Tests.SpplResponseParserTests.IsValidCodeValue_ReturnsExpected(code: &quot;ABC123&quot;, expected: True)" computerName="DESKTOP-NU2PNLJ" duration="00:00:00.0000080" startTime="2026-08-31T04:13:35.6003033+04:00" endTime="2026-08-31T04:13:35.6003034+04:00" testType="13cdc9d9-ddb5-4fa4-a97d-d965ccfc6d4b" outcome="Passed" testListId="8c84fa94-04c1-424b-9868-57a2d4851a1d" relativeResultsDirectory="ef3aa69e-c2a9-42ec-a5ec-acf7130f471c" />
    <UnitTestResult executionId="c036ff96-bdb6-4e14-b6fa-81b542f8848f" testId="1396d99f-e35d-91e9-dd07-1edfa1fbdaf2" testName="CodePrintManager.Printer.Savema.Tests.SpplCommandBuilderTests.GetRemainingQuantity_ReturnsExpectedCommand" computerName="DESKTOP-NU2PNLJ" duration="00:00:00.0469090" startTime="2026-08-31T04:13:35.4697806+04:00" endTime="2026-08-31T04:13:35.4697809+04:00" testType="13cdc9d9-ddb5-4fa4-a97d-d965ccfc6d4b" outcome="Passed" testListId="8c84fa94-04c1-424b-9868-57a2d4851a1d" relativeResultsDirectory="c036ff96-bdb6-4e14-b6fa-81b542f8848f" />
    <UnitTestResult executionId="18dd8930-61f9-4b8b-aada-bff97e56cb48" testId="af54d65a-a63f-b657-ac22-35570e6f7de3" testName="CodePrintManager.Printer.Savema.Tests.TcpAdapterTests.K8_TcpReset_ThrowsIOException" computerName="DESKTOP-NU2PNLJ" duration="00:00:00.0120804" startTime="2026-08-31T04:13:35.7927605+04:00" endTime="2026-08-31T04:13:35.7927611+04:00" testType="13cdc9d9-ddb5-4fa4-a97d-d965ccfc6d4b" outcome="Passed" testListId="8c84fa94-04c1-424b-9868-57a2d4851a1d" relativeResultsDirectory="18dd8930-61f9-4b8b-aada-bff97e56cb48" />
    <UnitTestResult executionId="79626237-98c2-45cb-ab48-a5b9f09aa0c1" testId="6eee18df-ee0f-8d67-ebd1-21493d878ced" testName="CodePrintManager.Printer.Savema.Tests.SpplCommandBuilderTests.GetSerialNumber_ReturnsExpectedCommand" computerName="DESKTOP-NU2PNLJ" duration="00:00:00.0003481" startTime="2026-08-31T04:13:35.4735965+04:00" endTime="2026-08-31T04:13:35.4735966+04:00" testType="13cdc9d9-ddb5-4fa4-a97d-d965ccfc6d4b" outcome="Passed" testListId="8c84fa94-04c1-424b-9868-57a2d4851a1d" relativeResultsDirectory="79626237-98c2-45cb-ab48-a5b9f09aa0c1" />
    <UnitTestResult executionId="9ba3be42-5bb3-4f9e-b063-1ac18f22fdcd" testId="ef8e1020-a1b1-b839-1a80-fccca8668e13" testName="CodePrintManager.Printer.Savema.Tests.SpplCommandBuilderTests.UploadCsv_ReturnsExpectedCommand" computerName="DESKTOP-NU2PNLJ" duration="00:00:00.0005836" startTime="2026-08-31T04:13:35.4734872+04:00" endTime="2026-08-31T04:13:35.4734873+04:00" testType="13cdc9d9-ddb5-4fa4-a97d-d965ccfc6d4b" outcome="Passed" testListId="8c84fa94-04c1-424b-9868-57a2d4851a1d" relativeResultsDirectory="9ba3be42-5bb3-4f9e-b063-1ac18f22fdcd" />
    <UnitTestResult executionId="73cb0585-9bb0-4134-bca9-785d8afd8000" testId="97967b39-fd34-30ac-35ac-7af407726a12" testName="CodePrintManager.Printer.Savema.Tests.TcpAdapterTests.K5_UnsolicitedFrameBeforeResponse_CorrectResponseExtracted" computerName="DESKTOP-NU2PNLJ" duration="00:00:00.0299130" startTime="2026-08-31T04:13:35.6863339+04:00" endTime="2026-08-31T04:13:35.6863344+04:00" testType="13cdc9d9-ddb5-4fa4-a97d-d965ccfc6d4b" outcome="Passed" testListId="8c84fa94-04c1-424b-9868-57a2d4851a1d" relativeResultsDirectory="73cb0585-9bb0-4134-bca9-785d8afd8000" />
    <UnitTestResult executionId="42950c25-4335-4824-a2bf-72aaf635e6d1" testId="3b453569-23ca-0591-b47a-e87f44242f34" testName="CodePrintManager.Printer.Savema.Tests.SpplResponseParserTests.Parse_MissingTilde_Throws" computerName="DESKTOP-NU2PNLJ" duration="00:00:00.0013025" startTime="2026-08-31T04:13:35.6162501+04:00" endTime="2026-08-31T04:13:35.6162503+04:00" testType="13cdc9d9-ddb5-4fa4-a97d-d965ccfc6d4b" outcome="Passed" testListId="8c84fa94-04c1-424b-9868-57a2d4851a1d" relativeResultsDirectory="42950c25-4335-4824-a2bf-72aaf635e6d1" />
    <UnitTestResult executionId="752b4dc7-4bf2-43e6-b5e2-9a6bc81eac25" testId="38bca473-3d3d-f56a-06a0-da4437fe830b" testName="CodePrintManager.Printer.Savema.Tests.SpplResponseTests.AsInt_NumericPayload_ReturnsParsedInt" computerName="DESKTOP-NU2PNLJ" duration="00:00:00.0437296" startTime="2026-08-31T04:13:35.4625247+04:00" endTime="2026-08-31T04:13:35.4625829+04:00" testType="13cdc9d9-ddb5-4fa4-a97d-d965ccfc6d4b" outcome="Passed" testListId="8c84fa94-04c1-424b-9868-57a2d4851a1d" relativeResultsDirectory="752b4dc7-4bf2-43e6-b5e2-9a6bc81eac25" />
    <UnitTestResult executionId="e9e09893-92b8-4535-8989-023b332537c1" testId="ad19a0a4-7ae0-e590-e78d-d89f8018051a" testName="CodePrintManager.Printer.Savema.Tests.SpplResponseTests.AsList_EmptyPayload_ReturnsSingleEmptyElement" computerName="DESKTOP-NU2PNLJ" duration="00:00:00.0401506" startTime="2026-08-31T04:13:35.6158428+04:00" endTime="2026-08-31T04:13:35.6158429+04:00" testType="13cdc9d9-ddb5-4fa4-a97d-d965ccfc6d4b" outcome="Passed" testListId="8c84fa94-04c1-424b-9868-57a2d4851a1d" relativeResultsDirectory="e9e09893-92b8-4535-8989-023b332537c1" />
    <UnitTestResult executionId="65a1d40d-7ed2-469c-82be-6442c0c89661" testId="d233f8de-de77-59dd-5841-8e970c90d1e3" testName="CodePrintManager.Printer.Savema.Tests.SpplResponseParserTests.ParseStatus_RunningBlocked_ReturnsInfo" computerName="DESKTOP-NU2PNLJ" duration="00:00:00.0010413" startTime="2026-08-31T04:13:35.6200744+04:00" endTime="2026-08-31T04:13:35.6200745+04:00" testType="13cdc9d9-ddb5-4fa4-a97d-d965ccfc6d4b" outcome="Passed" testListId="8c84fa94-04c1-424b-9868-57a2d4851a1d" relativeResultsDirectory="65a1d40d-7ed2-469c-82be-6442c0c89661" />
    <UnitTestResult executionId="8646bd76-4bc9-4d1e-8801-7f7072424a29" testId="4c32e081-2bc3-202f-8eff-cd537d95439e" testName="CodePrintManager.Printer.Savema.Tests.SpplResponseParserTests.ParseStatus_ErrorWithDetail_ReturnsInfo" computerName="DESKTOP-NU2PNLJ" duration="00:00:00.0481863" startTime="2026-08-31T04:13:35.4705007+04:00" endTime="2026-08-31T04:13:35.4705010+04:00" testType="13cdc9d9-ddb5-4fa4-a97d-d965ccfc6d4b" outcome="Passed" testListId="8c84fa94-04c1-424b-9868-57a2d4851a1d" relativeResultsDirectory="8646bd76-4bc9-4d1e-8801-7f7072424a29" />
    <UnitTestResult executionId="e53620e1-5c6b-40b7-b4b0-c848428fc512" testId="34654a39-31bb-8dfb-e8d6-a2f0c87fbfde" testName="CodePrintManager.Printer.Savema.Tests.SpplResponseParserTests.IsValidCodeValue_ReturnsExpected(code: &quot;has~sc~seq&quot;, expected: False)" computerName="DESKTOP-NU2PNLJ" duration="00:00:00.0011314" startTime="2026-08-31T04:13:35.5995768+04:00" endTime="2026-08-31T04:13:35.5995769+04:00" testType="13cdc9d9-ddb5-4fa4-a97d-d965ccfc6d4b" outcome="Passed" testListId="8c84fa94-04c1-424b-9868-57a2d4851a1d" relativeResultsDirectory="e53620e1-5c6b-40b7-b4b0-c848428fc512" />
    <UnitTestResult executionId="8d4e3935-0974-47e0-b1ef-6bad85e38132" testId="e0e2b9bb-fd2d-70ce-9488-2feb4311707a" testName="CodePrintManager.Printer.Savema.Tests.SpplResponseParserTests.Parse_SpaceAfterTilde_StillParses" computerName="DESKTOP-NU2PNLJ" duration="00:00:00.0020637" startTime="2026-08-31T04:13:35.5982447+04:00" endTime="2026-08-31T04:13:35.5982448+04:00" testType="13cdc9d9-ddb5-4fa4-a97d-d965ccfc6d4b" outcome="Passed" testListId="8c84fa94-04c1-424b-9868-57a2d4851a1d" relativeResultsDirectory="8d4e3935-0974-47e0-b1ef-6bad85e38132" />
    <UnitTestResult executionId="e4ecaf7a-aa39-43dd-98df-069eb66f4f87" testId="3e61c5f6-f0c4-622f-7fd1-1e6e227c72c0" testName="CodePrintManager.Printer.Savema.Tests.SpplResponseTests.AsList_SingleValue_ReturnsSingleElement" computerName="DESKTOP-NU2PNLJ" duration="00:00:00.0002758" startTime="2026-08-31T04:13:35.6195965+04:00" endTime="2026-08-31T04:13:35.6195966+04:00" testType="13cdc9d9-ddb5-4fa4-a97d-d965ccfc6d4b" outcome="Passed" testListId="8c84fa94-04c1-424b-9868-57a2d4851a1d" relativeResultsDirectory="e4ecaf7a-aa39-43dd-98df-069eb66f4f87" />
    <UnitTestResult executionId="65305b5c-8b04-46f5-b125-c2c4e3bf9d20" testId="4f74dcef-5dab-4fd7-29ea-a00a5859147d" testName="CodePrintManager.Printer.Savema.Tests.SpplResponseParserTests.Parse_EmptyString_Throws" computerName="DESKTOP-NU2PNLJ" duration="00:00:00.0014779" startTime="2026-08-31T04:13:35.6160272+04:00" endTime="2026-08-31T04:13:35.6160273+04:00" testType="13cdc9d9-ddb5-4fa4-a97d-d965ccfc6d4b" outcome="Passed" testListId="8c84fa94-04c1-424b-9868-57a2d4851a1d" relativeResultsDirectory="65305b5c-8b04-46f5-b125-c2c4e3bf9d20" />
    <UnitTestResult executionId="b1e54c0f-1065-43d8-ac0f-140b6aa4750b" testId="83534c83-6da9-764d-4614-c2bc9f532021" testName="CodePrintManager.Printer.Savema.Tests.SpplCommandBuilderTests.DeleteTemplate_ReturnsExpectedCommand" computerName="DESKTOP-NU2PNLJ" duration="00:00:00.0003900" startTime="2026-08-31T04:13:35.5794675+04:00" endTime="2026-08-31T04:13:35.5794676+04:00" testType="13cdc9d9-ddb5-4fa4-a97d-d965ccfc6d4b" outcome="Passed" testListId="8c84fa94-04c1-424b-9868-57a2d4851a1d" relativeResultsDirectory="b1e54c0f-1065-43d8-ac0f-140b6aa4750b" />
    <UnitTestResult executionId="49f53e04-d82d-4758-9463-a6a308e39089" testId="a45ba68a-f8e4-b396-7637-8379ecc84408" testName="CodePrintManager.Printer.Savema.Tests.SpplResponseParserTests.Parse_FailPayload_SetsIsFail" computerName="DESKTOP-NU2PNLJ" duration="00:00:00.0002408" startTime="2026-08-31T04:13:35.5981418+04:00" endTime="2026-08-31T04:13:35.5981419+04:00" testType="13cdc9d9-ddb5-4fa4-a97d-d965ccfc6d4b" outcome="Passed" testListId="8c84fa94-04c1-424b-9868-57a2d4851a1d" relativeResultsDirectory="49f53e04-d82d-4758-9463-a6a308e39089" />
    <UnitTestResult executionId="88d2acf3-9e2a-40f7-96c1-c528e54e2c53" testId="fdbec72c-2d99-86e2-0f5e-bed552f8c0ae" testName="CodePrintManager.Printer.Savema.Tests.SpplResponseTests.IsOkAndIsFail_OtherPayload_BothFalse" computerName="DESKTOP-NU2PNLJ" duration="00:00:00.0089152" startTime="2026-08-31T04:13:35.5978029+04:00" endTime="2026-08-31T04:13:35.5978030+04:00" testType="13cdc9d9-ddb5-4fa4-a97d-d965ccfc6d4b" outcome="Passed" testListId="8c84fa94-04c1-424b-9868-57a2d4851a1d" relativeResultsDirectory="88d2acf3-9e2a-40f7-96c1-c528e54e2c53" />
    <UnitTestResult executionId="3f51d353-ac6d-466c-bdb1-d5222e25c40d" testId="92e069d9-191c-dfa4-8e27-774ce116b07b" testName="CodePrintManager.Printer.Savema.Tests.SpplResponseTests.AsInt_NonNumericPayload_Throws" computerName="DESKTOP-NU2PNLJ" duration="00:00:00.0042355" startTime="2026-08-31T04:13:35.6163636+04:00" endTime="2026-08-31T04:13:35.6163638+04:00" testType="13cdc9d9-ddb5-4fa4-a97d-d965ccfc6d4b" outcome="Passed" testListId="8c84fa94-04c1-424b-9868-57a2d4851a1d" relativeResultsDirectory="3f51d353-ac6d-466c-bdb1-d5222e25c40d" />
    <UnitTestResult executionId="fdabe1f0-9e53-4458-93fb-3bcc5f7181b9" testId="cc7dab52-7318-964e-696f-97dcc3807c79" testName="CodePrintManager.Printer.Savema.Tests.SpplCommandBuilderTests.ListTemplates_ReturnsExpectedCommand" computerName="DESKTOP-NU2PNLJ" duration="00:00:00.0003151" startTime="2026-08-31T04:13:35.5789662+04:00" endTime="2026-08-31T04:13:35.5789665+04:00" testType="13cdc9d9-ddb5-4fa4-a97d-d965ccfc6d4b" outcome="Passed" testListId="8c84fa94-04c1-424b-9868-57a2d4851a1d" relativeResultsDirectory="fdabe1f0-9e53-4458-93fb-3bcc5f7181b9" />
    <UnitTestResult executionId="4ab7261a-2f0f-4d93-ab79-2abf2dbaf035" testId="68ebcc6d-04d8-9489-8abd-99cdb524ae93" testName="CodePrintManager.Printer.Savema.Tests.SpplResponseParserTests.IsValidCodeValue_ReturnsExpected(code: &quot;has|pipe&quot;, expected: False)" computerName="DESKTOP-NU2PNLJ" duration="00:00:00.0000104" startTime="2026-08-31T04:13:35.5998729+04:00" endTime="2026-08-31T04:13:35.5998730+04:00" testType="13cdc9d9-ddb5-4fa4-a97d-d965ccfc6d4b" outcome="Passed" testListId="8c84fa94-04c1-424b-9868-57a2d4851a1d" relativeResultsDirectory="4ab7261a-2f0f-4d93-ab79-2abf2dbaf035" />
    <UnitTestResult executionId="25012ed8-f53c-431f-87f4-a5d64dc13a82" testId="df368d86-927f-703c-172c-e635469a41ff" testName="CodePrintManager.Printer.Savema.Tests.SpplResponseParserTests.ParseStatus_WaitingWithTrailingSeparator_ReturnsNullInfo" computerName="DESKTOP-NU2PNLJ" duration="00:00:00.0008969" startTime="2026-08-31T04:13:35.6201733+04:00" endTime="2026-08-31T04:13:35.6201734+04:00" testType="13cdc9d9-ddb5-4fa4-a97d-d965ccfc6d4b" outcome="Passed" testListId="8c84fa94-04c1-424b-9868-57a2d4851a1d" relativeResultsDirectory="25012ed8-f53c-431f-87f4-a5d64dc13a82" />
    <UnitTestResult executionId="e2b73930-4e25-40c8-9089-e1f43fd1290c" testId="846d32c4-fd6a-1b2c-6bee-289539557c12" testName="CodePrintManager.Printer.Savema.Tests.SpplResponseParserTests.Parse_ListPayload_AsListReturnsSplitValues" computerName="DESKTOP-NU2PNLJ" duration="00:00:00.0251858" startTime="2026-08-31T04:13:35.6158084+04:00" endTime="2026-08-31T04:13:35.6158085+04:00" testType="13cdc9d9-ddb5-4fa4-a97d-d965ccfc6d4b" outcome="Passed" testListId="8c84fa94-04c1-424b-9868-57a2d4851a1d" relativeResultsDirectory="e2b73930-4e25-40c8-9089-e1f43fd1290c" />
    <UnitTestResult executionId="7c0d1fe0-00b3-48af-9d72-ccf37da47050" testId="754d5bfb-a4af-11ef-7555-ef2b4dd2ccfe" testName="CodePrintManager.Printer.Savema.Tests.SpplResponseParserTests.IsValidCodeValue_ReturnsExpected(code: &quot;has~gt~seq&quot;, expected: False)" computerName="DESKTOP-NU2PNLJ" duration="00:00:00.0000185" startTime="2026-08-31T04:13:35.5997654+04:00" endTime="2026-08-31T04:13:35.5997656+04:00" testType="13cdc9d9-ddb5-4fa4-a97d-d965ccfc6d4b" outcome="Passed" testListId="8c84fa94-04c1-424b-9868-57a2d4851a1d" relativeResultsDirectory="7c0d1fe0-00b3-48af-9d72-ccf37da47050" />
    <UnitTestResult executionId="1da36919-abe0-4886-8b2f-1610e9f1aa3f" testId="44f1053e-30e4-1cc1-fc44-ee6add1db94a" testName="CodePrintManager.Printer.Savema.Tests.TcpAdapterTests.K7_MultipleRapidCommands_AllReturnCorrectResults" computerName="DESKTOP-NU2PNLJ" duration="00:00:00.0198602" startTime="2026-08-31T04:13:35.8369381+04:00" endTime="2026-08-31T04:13:35.8369387+04:00" testType="13cdc9d9-ddb5-4fa4-a97d-d965ccfc6d4b" outcome="Passed" testListId="8c84fa94-04c1-424b-9868-57a2d4851a1d" relativeResultsDirectory="1da36919-abe0-4886-8b2f-1610e9f1aa3f" />
    <UnitTestResult executionId="227b76b5-3daf-44b5-b80a-1582d6700c04" testId="244f3659-c83e-e75f-383a-7641dbf67234" testName="CodePrintManager.Printer.Savema.Tests.SpplCommandBuilderTests.GetActiveTemplate_ReturnsExpectedCommand" computerName="DESKTOP-NU2PNLJ" duration="00:00:00.0003368" startTime="2026-08-31T04:13:35.5796798+04:00" endTime="2026-08-31T04:13:35.5796800+04:00" testType="13cdc9d9-ddb5-4fa4-a97d-d965ccfc6d4b" outcome="Passed" testListId="8c84fa94-04c1-424b-9868-57a2d4851a1d" relativeResultsDirectory="227b76b5-3daf-44b5-b80a-1582d6700c04" />
    <UnitTestResult executionId="533885da-60e9-4de3-a0da-a9f562943053" testId="3c951491-4054-ccfe-5ced-00cce163e25d" testName="CodePrintManager.Printer.Savema.Tests.SpplCommandBuilderTests.StartPrint_ReturnsExpectedCommand" computerName="DESKTOP-NU2PNLJ" duration="00:00:00.0004063" startTime="2026-08-31T04:13:35.4731678+04:00" endTime="2026-08-31T04:13:35.4731680+04:00" testType="13cdc9d9-ddb5-4fa4-a97d-d965ccfc6d4b" outcome="Passed" testListId="8c84fa94-04c1-424b-9868-57a2d4851a1d" relativeResultsDirectory="533885da-60e9-4de3-a0da-a9f562943053" />
    <UnitTestResult executionId="f37cdb29-5767-43b8-9075-f44fff769ad6" testId="19631640-a5db-3b42-740a-33e502ba3168" testName="CodePrintManager.Printer.Savema.Tests.SpplResponseParserTests.IsValidCodeValue_ReturnsExpected(code: &quot;has~tilde&quot;, expected: False)" computerName="DESKTOP-NU2PNLJ" duration="00:00:00.0000095" startTime="2026-08-31T04:13:35.6001460+04:00" endTime="2026-08-31T04:13:35.6001461+04:00" testType="13cdc9d9-ddb5-4fa4-a97d-d965ccfc6d4b" outcome="Passed" testListId="8c84fa94-04c1-424b-9868-57a2d4851a1d" relativeResultsDirectory="f37cdb29-5767-43b8-9075-f44fff769ad6" />
    <UnitTestResult executionId="4a4fb311-4cde-4a87-9cbc-12dbcecbf15d" testId="4e07980a-4e74-9315-2ffd-35f7a4b82cf6" testName="CodePrintManager.Printer.Savema.Tests.TcpAdapterTests.K3_PartialResponse_ThrowsException" computerName="DESKTOP-NU2PNLJ" duration="00:00:00.0665552" startTime="2026-08-31T04:13:35.7803798+04:00" endTime="2026-08-31T04:13:35.7803806+04:00" testType="13cdc9d9-ddb5-4fa4-a97d-d965ccfc6d4b" outcome="Passed" testListId="8c84fa94-04c1-424b-9868-57a2d4851a1d" relativeResultsDirectory="4a4fb311-4cde-4a87-9cbc-12dbcecbf15d" />
    <UnitTestResult executionId="7e6108fa-d5d8-4c6e-957c-80e10e3e9900" testId="70d52791-971d-15af-23af-961b663ce394" testName="CodePrintManager.Printer.Savema.Tests.SpplCommandBuilderTests.UploadTemplate_ReturnsExpectedCommand" computerName="DESKTOP-NU2PNLJ" duration="00:00:00.0008343" startTime="2026-08-31T04:13:35.4733941+04:00" endTime="2026-08-31T04:13:35.4733942+04:00" testType="13cdc9d9-ddb5-4fa4-a97d-d965ccfc6d4b" outcome="Passed" testListId="8c84fa94-04c1-424b-9868-57a2d4851a1d" relativeResultsDirectory="7e6108fa-d5d8-4c6e-957c-80e10e3e9900" />
    <UnitTestResult executionId="14b1187b-07d0-4043-a6ca-48a6f2b0b9a1" testId="e174c1b3-ba0f-e7df-e0b0-6c89080e67bd" testName="CodePrintManager.Printer.Savema.Tests.SpplResponseParserTests.Parse_OkPayload_SetsIsOk" computerName="DESKTOP-NU2PNLJ" duration="00:00:00.0006418" startTime="2026-08-31T04:13:35.5980511+04:00" endTime="2026-08-31T04:13:35.5980512+04:00" testType="13cdc9d9-ddb5-4fa4-a97d-d965ccfc6d4b" outcome="Passed" testListId="8c84fa94-04c1-424b-9868-57a2d4851a1d" relativeResultsDirectory="14b1187b-07d0-4043-a6ca-48a6f2b0b9a1" />
    <UnitTestResult executionId="54e78aa1-6035-4871-bbb7-f31db0cc8446" testId="54ed0b33-f053-ebf6-ebad-ee496f94908c" testName="CodePrintManager.Printer.Savema.Tests.SpplResponseTests.IsOk_OkPayload_TrueAndIsFailFalse" computerName="DESKTOP-NU2PNLJ" duration="00:00:00.0003378" startTime="2026-08-31T04:13:35.6197007+04:00" endTime="2026-08-31T04:13:35.6197008+04:00" testType="13cdc9d9-ddb5-4fa4-a97d-d965ccfc6d4b" outcome="Passed" testListId="8c84fa94-04c1-424b-9868-57a2d4851a1d" relativeResultsDirectory="54e78aa1-6035-4871-bbb7-f31db0cc8446" />
    <UnitTestResult executionId="ca2c1c43-9ef1-4bd6-8594-36d16883c61d" testId="76ad332b-30d0-5fe5-8126-a6bb4aa15da5" testName="CodePrintManager.Printer.Savema.Tests.SpplResponseParserTests.Parse_MissingCaret_Throws" computerName="DESKTOP-NU2PNLJ" duration="00:00:00.0015146" startTime="2026-08-31T04:13:35.6198048+04:00" endTime="2026-08-31T04:13:35.6198049+04:00" testType="13cdc9d9-ddb5-4fa4-a97d-d965ccfc6d4b" outcome="Passed" testListId="8c84fa94-04c1-424b-9868-57a2d4851a1d" relativeResultsDirectory="ca2c1c43-9ef1-4bd6-8594-36d16883c61d" />
    <UnitTestResult executionId="0d99f4ae-4883-48ea-8880-768a8b3197a8" testId="c17dd57e-b30f-3bbb-da31-4540e03c2b7d" testName="CodePrintManager.Printer.Savema.Tests.SpplResponseParserTests.Parse_MissingResponsePrefix_Throws" computerName="DESKTOP-NU2PNLJ" duration="00:00:00.0168438" startTime="2026-08-31T04:13:35.5979418+04:00" endTime="2026-08-31T04:13:35.5979420+04:00" testType="13cdc9d9-ddb5-4fa4-a97d-d965ccfc6d4b" outcome="Passed" testListId="8c84fa94-04c1-424b-9868-57a2d4851a1d" relativeResultsDirectory="0d99f4ae-4883-48ea-8880-768a8b3197a8" />
    <UnitTestResult executionId="164f1098-6709-4bfe-9b70-39db4cab992c" testId="56e45aaa-aa9d-1a0d-df7b-994635178341" testName="CodePrintManager.Printer.Savema.Tests.SpplResponseTests.AsList_MultipleItems_ReturnsSplitList" computerName="DESKTOP-NU2PNLJ" duration="00:00:00.0004614" startTime="2026-08-31T04:13:35.6194614+04:00" endTime="2026-08-31T04:13:35.6194617+04:00" testType="13cdc9d9-ddb5-4fa4-a97d-d965ccfc6d4b" outcome="Passed" testListId="8c84fa94-04c1-424b-9868-57a2d4851a1d" relativeResultsDirectory="164f1098-6709-4bfe-9b70-39db4cab992c" />
    <UnitTestResult executionId="bab5fd26-da3d-4ee5-a69e-edd8509652ff" testId="bda591ca-2ea6-c1aa-bfcf-c39c1115ecea" testName="CodePrintManager.Printer.Savema.Tests.SpplResponseParserTests.Parse_ExtractsCommandAndPayload" computerName="DESKTOP-NU2PNLJ" duration="00:00:00.0003371" startTime="2026-08-31T04:13:35.6156852+04:00" endTime="2026-08-31T04:13:35.6156853+04:00" testType="13cdc9d9-ddb5-4fa4-a97d-d965ccfc6d4b" outcome="Passed" testListId="8c84fa94-04c1-424b-9868-57a2d4851a1d" relativeResultsDirectory="bab5fd26-da3d-4ee5-a69e-edd8509652ff" />
    <UnitTestResult executionId="aee343f7-95a1-4d9b-96e4-27dd45cda320" testId="7c030848-1771-cdda-c193-480b21b2dfff" testName="CodePrintManager.Printer.Savema.Tests.SpplCommandBuilderTests.StopPrint_ReturnsExpectedCommand" computerName="DESKTOP-NU2PNLJ" duration="00:00:00.0003185" startTime="2026-08-31T04:13:35.5798209+04:00" endTime="2026-08-31T04:13:35.5798210+04:00" testType="13cdc9d9-ddb5-4fa4-a97d-d965ccfc6d4b" outcome="Passed" testListId="8c84fa94-04c1-424b-9868-57a2d4851a1d" relativeResultsDirectory="aee343f7-95a1-4d9b-96e4-27dd45cda320" />
    <UnitTestResult executionId="eb09eb34-9fe2-4897-9f0b-606076fb6e49" testId="f6c652c6-ab53-2c1a-a3f9-9a550e64cb7d" testName="CodePrintManager.Printer.Savema.Tests.SpplCommandBuilderTests.GetStatus_ReturnsExpectedCommand" computerName="DESKTOP-NU2PNLJ" duration="00:00:00.0004761" startTime="2026-08-31T04:13:35.5975765+04:00" endTime="2026-08-31T04:13:35.5975773+04:00" testType="13cdc9d9-ddb5-4fa4-a97d-d965ccfc6d4b" outcome="Passed" testListId="8c84fa94-04c1-424b-9868-57a2d4851a1d" relativeResultsDirectory="eb09eb34-9fe2-4897-9f0b-606076fb6e49" />
    <UnitTestResult executionId="30149ca3-c49c-4bcc-a19f-290b3cff8439" testId="516cfb99-41a7-90df-2b1c-6fdf1a399753" testName="CodePrintManager.Printer.Savema.Tests.SpplResponseParserTests.IsValidCodeValue_ReturnsExpected(code: &quot;has\rreturn&quot;, expected: False)" computerName="DESKTOP-NU2PNLJ" duration="00:00:00.0000086" startTime="2026-08-31T04:13:35.5999625+04:00" endTime="2026-08-31T04:13:35.5999626+04:00" testType="13cdc9d9-ddb5-4fa4-a97d-d965ccfc6d4b" outcome="Passed" testListId="8c84fa94-04c1-424b-9868-57a2d4851a1d" relativeResultsDirectory="30149ca3-c49c-4bcc-a19f-290b3cff8439" />
    <UnitTestResult executionId="1eedb17d-38a4-4a79-82bf-27c61ad6f685" testId="50933e8d-3ef9-f4ec-2b64-934b3e4a64c1" testName="CodePrintManager.Printer.Savema.Tests.SpplResponseTests.IsFail_FailPayload_TrueAndIsOkFalse" computerName="DESKTOP-NU2PNLJ" duration="00:00:00.0003075" startTime="2026-08-31T04:13:35.6199084+04:00" endTime="2026-08-31T04:13:35.6199085+04:00" testType="13cdc9d9-ddb5-4fa4-a97d-d965ccfc6d4b" outcome="Passed" testListId="8c84fa94-04c1-424b-9868-57a2d4851a1d" relativeResultsDirectory="1eedb17d-38a4-4a79-82bf-27c61ad6f685" />
    <UnitTestResult executionId="8e752138-d304-420e-ad48-17734ff06883" testId="9b956648-cffc-09d8-5f05-b76f1cd6c645" testName="CodePrintManager.Printer.Savema.Tests.SpplResponseParserTests.Parse_MissingClosingBrace_Throws" computerName="DESKTOP-NU2PNLJ" duration="00:00:00.0011341" startTime="2026-08-31T04:13:35.6161374+04:00" endTime="2026-08-31T04:13:35.6161375+04:00" testType="13cdc9d9-ddb5-4fa4-a97d-d965ccfc6d4b" outcome="Passed" testListId="8c84fa94-04c1-424b-9868-57a2d4851a1d" relativeResultsDirectory="8e752138-d304-420e-ad48-17734ff06883" />
    <UnitTestResult executionId="7404b68a-e99a-4222-bd34-ebea8e942679" testId="e94e3528-40cb-2709-bc9a-2e0ffc30304d" testName="CodePrintManager.Printer.Savema.Tests.SpplResponseParserTests.Parse_NumericPayload_AsIntReturnsValue" computerName="DESKTOP-NU2PNLJ" duration="00:00:00.0002821" startTime="2026-08-31T04:13:35.6155415+04:00" endTime="2026-08-31T04:13:35.6155416+04:00" testType="13cdc9d9-ddb5-4fa4-a97d-d965ccfc6d4b" outcome="Passed" testListId="8c84fa94-04c1-424b-9868-57a2d4851a1d" relativeResultsDirectory="7404b68a-e99a-4222-bd34-ebea8e942679" />
    <UnitTestResult executionId="9e3143ad-f02a-43f9-96e4-5a1540d62859" testId="aa8ef862-f0ff-146f-a418-305e4d5fe667" testName="CodePrintManager.Printer.Savema.Tests.SpplResponseParserTests.IsValidCodeValue_ReturnsExpected(code: &quot;has^caret&quot;, expected: False)" computerName="DESKTOP-NU2PNLJ" duration="00:00:00.0000072" startTime="2026-08-31T04:13:35.6002263+04:00" endTime="2026-08-31T04:13:35.6002264+04:00" testType="13cdc9d9-ddb5-4fa4-a97d-d965ccfc6d4b" outcome="Passed" testListId="8c84fa94-04c1-424b-9868-57a2d4851a1d" relativeResultsDirectory="9e3143ad-f02a-43f9-96e4-5a1540d62859" />
  </Results>
  <TestDefinitions>
    <UnitTest name="CodePrintManager.Printer.Savema.Tests.SpplResponseParserTests.Parse_ExtractsCommandAndPayload" storage="c:\users\vahe\cascadeprojects\datamatrix-print-service\application\tests\codeprintmanager.printer.savema.tests\bin\debug\net8.0\codeprintmanager.printer.savema.tests.dll" id="bda591ca-2ea6-c1aa-bfcf-c39c1115ecea">
      <Execution id="bab5fd26-da3d-4ee5-a69e-edd8509652ff" />
      <TestMethod codeBase="C:\Users\Vahe\CascadeProjects\datamatrix-print-service\application\tests\CodePrintManager.Printer.Savema.Tests\bin\Debug\net8.0\CodePrintManager.Printer.Savema.Tests.dll" adapterTypeName="executor://xunit/VsTestRunner2/netcoreapp" className="CodePrintManager.Printer.Savema.Tests.SpplResponseParserTests" name="Parse_ExtractsCommandAndPayload" />
    </UnitTest>
    <UnitTest name="CodePrintManager.Printer.Savema.Tests.SpplCommandBuilderTests.GetCurrentCounter_ReturnsExpectedCommand" storage="c:\users\vahe\cascadeprojects\datamatrix-print-service\application\tests\codeprintmanager.printer.savema.tests\bin\debug\net8.0\codeprintmanager.printer.savema.tests.dll" id="5285deb3-e73c-e786-39a3-c7b78d4c87bf">
      <Execution id="362b3f0c-f773-4bd7-8e33-a432c09b32a8" />
      <TestMethod codeBase="C:\Users\Vahe\CascadeProjects\datamatrix-print-service\application\tests\CodePrintManager.Printer.Savema.Tests\bin\Debug\net8.0\CodePrintManager.Printer.Savema.Tests.dll" adapterTypeName="executor://xunit/VsTestRunner2/netcoreapp" className="CodePrintManager.Printer.Savema.Tests.SpplCommandBuilderTests" name="GetCurrentCounter_ReturnsExpectedCommand" />
    </UnitTest>
    <UnitTest name="CodePrintManager.Printer.Savema.Tests.SpplResponseParserTests.Parse_MissingCaret_Throws" storage="c:\users\vahe\cascadeprojects\datamatrix-print-service\application\tests\codeprintmanager.printer.savema.tests\bin\debug\net8.0\codeprintmanager.printer.savema.tests.dll" id="76ad332b-30d0-5fe5-8126-a6bb4aa15da5">
      <Execution id="ca2c1c43-9ef1-4bd6-8594-36d16883c61d" />
      <TestMethod codeBase="C:\Users\Vahe\CascadeProjects\datamatrix-print-service\application\tests\CodePrintManager.Printer.Savema.Tests\bin\Debug\net8.0\CodePrintManager.Printer.Savema.Tests.dll" adapterTypeName="executor://xunit/VsTestRunner2/netcoreapp" className="CodePrintManager.Printer.Savema.Tests.SpplResponseParserTests" name="Parse_MissingCaret_Throws" />
    </UnitTest>
    <UnitTest name="CodePrintManager.Printer.Savema.Tests.SpplCommandBuilderTests.GetActiveTemplate_ReturnsExpectedCommand" storage="c:\users\vahe\cascadeprojects\datamatrix-print-service\application\tests\codeprintmanager.printer.savema.tests\bin\debug\net8.0\codeprintmanager.printer.savema.tests.dll" id="244f3659-c83e-e75f-383a-7641dbf67234">
      <Execution id="227b76b5-3daf-44b5-b80a-1582d6700c04" />
      <TestMethod codeBase="C:\Users\Vahe\CascadeProjects\datamatrix-print-service\application\tests\CodePrintManager.Printer.Savema.Tests\bin\Debug\net8.0\CodePrintManager.Printer.Savema.Tests.dll" adapterTypeName="executor://xunit/VsTestRunner2/netcoreapp" className="CodePrintManager.Printer.Savema.Tests.SpplCommandBuilderTests" name="GetActiveTemplate_ReturnsExpectedCommand" />
    </UnitTest>
    <UnitTest name="CodePrintManager.Printer.Savema.Tests.SpplResponseParserTests.IsValidCodeValue_ReturnsExpected(code: &quot;has^caret&quot;, expected: False)" storage="c:\users\vahe\cascadeprojects\datamatrix-print-service\application\tests\codeprintmanager.printer.savema.tests\bin\debug\net8.0\codeprintmanager.printer.savema.tests.dll" id="aa8ef862-f0ff-146f-a418-305e4d5fe667">
      <Execution id="9e3143ad-f02a-43f9-96e4-5a1540d62859" />
      <TestMethod codeBase="C:\Users\Vahe\CascadeProjects\datamatrix-print-service\application\tests\CodePrintManager.Printer.Savema.Tests\bin\Debug\net8.0\CodePrintManager.Printer.Savema.Tests.dll" adapterTypeName="executor://xunit/VsTestRunner2/netcoreapp" className="CodePrintManager.Printer.Savema.Tests.SpplResponseParserTests" name="IsValidCodeValue_ReturnsExpected" />
    </UnitTest>
    <UnitTest name="CodePrintManager.Printer.Savema.Tests.SpplResponseParserTests.Parse_MissingResponsePrefix_Throws" storage="c:\users\vahe\cascadeprojects\datamatrix-print-service\application\tests\codeprintmanager.printer.savema.tests\bin\debug\net8.0\codeprintmanager.printer.savema.tests.dll" id="c17dd57e-b30f-3bbb-da31-4540e03c2b7d">
      <Execution id="0d99f4ae-4883-48ea-8880-768a8b3197a8" />
      <TestMethod codeBase="C:\Users\Vahe\CascadeProjects\datamatrix-print-service\application\tests\CodePrintManager.Printer.Savema.Tests\bin\Debug\net8.0\CodePrintManager.Printer.Savema.Tests.dll" adapterTypeName="executor://xunit/VsTestRunner2/netcoreapp" className="CodePrintManager.Printer.Savema.Tests.SpplResponseParserTests" name="Parse_MissingResponsePrefix_Throws" />
    </UnitTest>
    <UnitTest name="CodePrintManager.Printer.Savema.Tests.SpplResponseParserTests.Parse_MissingClosingBrace_Throws" storage="c:\users\vahe\cascadeprojects\datamatrix-print-service\application\tests\codeprintmanager.printer.savema.tests\bin\debug\net8.0\codeprintmanager.printer.savema.tests.dll" id="9b956648-cffc-09d8-5f05-b76f1cd6c645">
      <Execution id="8e752138-d304-420e-ad48-17734ff06883" />
      <TestMethod codeBase="C:\Users\Vahe\CascadeProjects\datamatrix-print-service\application\tests\CodePrintManager.Printer.Savema.Tests\bin\Debug\net8.0\CodePrintManager.Printer.Savema.Tests.dll" adapterTypeName="executor://xunit/VsTestRunner2/netcoreapp" className="CodePrintManager.Printer.Savema.Tests.SpplResponseParserTests" name="Parse_MissingClosingBrace_Throws" />
    </UnitTest>
    <UnitTest name="CodePrintManager.Printer.Savema.Tests.SpplCommandBuilderTests.DeleteTemplate_ReturnsExpectedCommand" storage="c:\users\vahe\cascadeprojects\datamatrix-print-service\application\tests\codeprintmanager.printer.savema.tests\bin\debug\net8.0\codeprintmanager.printer.savema.tests.dll" id="83534c83-6da9-764d-4614-c2bc9f532021">
      <Execution id="b1e54c0f-1065-43d8-ac0f-140b6aa4750b" />
      <TestMethod codeBase="C:\Users\Vahe\CascadeProjects\datamatrix-print-service\application\tests\CodePrintManager.Printer.Savema.Tests\bin\Debug\net8.0\CodePrintManager.Printer.Savema.Tests.dll" adapterTypeName="executor://xunit/VsTestRunner2/netcoreapp" className="CodePrintManager.Printer.Savema.Tests.SpplCommandBuilderTests" name="DeleteTemplate_ReturnsExpectedCommand" />
    </UnitTest>
    <UnitTest name="CodePrintManager.Printer.Savema.Tests.SpplResponseParserTests.Parse_MissingTilde_Throws" storage="c:\users\vahe\cascadeprojects\datamatrix-print-service\application\tests\codeprintmanager.printer.savema.tests\bin\debug\net8.0\codeprintmanager.printer.savema.tests.dll" id="3b453569-23ca-0591-b47a-e87f44242f34">
      <Execution id="42950c25-4335-4824-a2bf-72aaf635e6d1" />
      <TestMethod codeBase="C:\Users\Vahe\CascadeProjects\datamatrix-print-service\application\tests\CodePrintManager.Printer.Savema.Tests\bin\Debug\net8.0\CodePrintManager.Printer.Savema.Tests.dll" adapterTypeName="executor://xunit/VsTestRunner2/netcoreapp" className="CodePrintManager.Printer.Savema.Tests.SpplResponseParserTests" name="Parse_MissingTilde_Throws" />
    </UnitTest>
    <UnitTest name="CodePrintManager.Printer.Savema.Tests.SpplResponseParserTests.Parse_EmptyString_Throws" storage="c:\users\vahe\cascadeprojects\datamatrix-print-service\application\tests\codeprintmanager.printer.savema.tests\bin\debug\net8.0\codeprintmanager.printer.savema.tests.dll" id="4f74dcef-5dab-4fd7-29ea-a00a5859147d">
      <Execution id="65305b5c-8b04-46f5-b125-c2c4e3bf9d20" />
      <TestMethod codeBase="C:\Users\Vahe\CascadeProjects\datamatrix-print-service\application\tests\CodePrintManager.Printer.Savema.Tests\bin\Debug\net8.0\CodePrintManager.Printer.Savema.Tests.dll" adapterTypeName="executor://xunit/VsTestRunner2/netcoreapp" className="CodePrintManager.Printer.Savema.Tests.SpplResponseParserTests" name="Parse_EmptyString_Throws" />
    </UnitTest>
    <UnitTest name="CodePrintManager.Printer.Savema.Tests.TcpAdapterTests.K4_ResponseTimeout_ThrowsIOException" storage="c:\users\vahe\cascadeprojects\datamatrix-print-service\application\tests\codeprintmanager.printer.savema.tests\bin\debug\net8.0\codeprintmanager.printer.savema.tests.dll" id="826e6ecb-1c38-7810-2a78-c418e0dc2338">
      <Execution id="e69aa662-1111-4e34-8da4-586d0af8b854" />
      <TestMethod codeBase="C:\Users\Vahe\CascadeProjects\datamatrix-print-service\application\tests\CodePrintManager.Printer.Savema.Tests\bin\Debug\net8.0\CodePrintManager.Printer.Savema.Tests.dll" adapterTypeName="executor://xunit/VsTestRunner2/netcoreapp" className="CodePrintManager.Printer.Savema.Tests.TcpAdapterTests" name="K4_ResponseTimeout_ThrowsIOException" />
    </UnitTest>
    <UnitTest name="CodePrintManager.Printer.Savema.Tests.TcpAdapterTests.K1_NormalCommandResponse_ReturnsCorrectValues" storage="c:\users\vahe\cascadeprojects\datamatrix-print-service\application\tests\codeprintmanager.printer.savema.tests\bin\debug\net8.0\codeprintmanager.printer.savema.tests.dll" id="cfe0d5e1-479e-24a1-880c-f643ef338676">
      <Execution id="430e56d7-795e-4fc3-a656-2d8198cef965" />
      <TestMethod codeBase="C:\Users\Vahe\CascadeProjects\datamatrix-print-service\application\tests\CodePrintManager.Printer.Savema.Tests\bin\Debug\net8.0\CodePrintManager.Printer.Savema.Tests.dll" adapterTypeName="executor://xunit/VsTestRunner2/netcoreapp" className="CodePrintManager.Printer.Savema.Tests.TcpAdapterTests" name="K1_NormalCommandResponse_ReturnsCorrectValues" />
    </UnitTest>
    <UnitTest name="CodePrintManager.Printer.Savema.Tests.SpplResponseParserTests.Parse_SpaceAfterTilde_StillParses" storage="c:\users\vahe\cascadeprojects\datamatrix-print-service\application\tests\codeprintmanager.printer.savema.tests\bin\debug\net8.0\codeprintmanager.printer.savema.tests.dll" id="e0e2b9bb-fd2d-70ce-9488-2feb4311707a">
      <Execution id="8d4e3935-0974-47e0-b1ef-6bad85e38132" />
      <TestMethod codeBase="C:\Users\Vahe\CascadeProjects\datamatrix-print-service\application\tests\CodePrintManager.Printer.Savema.Tests\bin\Debug\net8.0\CodePrintManager.Printer.Savema.Tests.dll" adapterTypeName="executor://xunit/VsTestRunner2/netcoreapp" className="CodePrintManager.Printer.Savema.Tests.SpplResponseParserTests" name="Parse_SpaceAfterTilde_StillParses" />
    </UnitTest>
    <UnitTest name="CodePrintManager.Printer.Savema.Tests.SpplResponseTests.AsInt_NonNumericPayload_Throws" storage="c:\users\vahe\cascadeprojects\datamatrix-print-service\application\tests\codeprintmanager.printer.savema.tests\bin\debug\net8.0\codeprintmanager.printer.savema.tests.dll" id="92e069d9-191c-dfa4-8e27-774ce116b07b">
      <Execution id="3f51d353-ac6d-466c-bdb1-d5222e25c40d" />
      <TestMethod codeBase="C:\Users\Vahe\CascadeProjects\datamatrix-print-service\application\tests\CodePrintManager.Printer.Savema.Tests\bin\Debug\net8.0\CodePrintManager.Printer.Savema.Tests.dll" adapterTypeName="executor://xunit/VsTestRunner2/netcoreapp" className="CodePrintManager.Printer.Savema.Tests.SpplResponseTests" name="AsInt_NonNumericPayload_Throws" />
    </UnitTest>
    <UnitTest name="CodePrintManager.Printer.Savema.Tests.SpplResponseParserTests.ParseStatus_WaitingWithTrailingSeparator_ReturnsNullInfo" storage="c:\users\vahe\cascadeprojects\datamatrix-print-service\application\tests\codeprintmanager.printer.savema.tests\bin\debug\net8.0\codeprintmanager.printer.savema.tests.dll" id="df368d86-927f-703c-172c-e635469a41ff">
      <Execution id="25012ed8-f53c-431f-87f4-a5d64dc13a82" />
      <TestMethod codeBase="C:\Users\Vahe\CascadeProjects\datamatrix-print-service\application\tests\CodePrintManager.Printer.Savema.Tests\bin\Debug\net8.0\CodePrintManager.Printer.Savema.Tests.dll" adapterTypeName="executor://xunit/VsTestRunner2/netcoreapp" className="CodePrintManager.Printer.Savema.Tests.SpplResponseParserTests" name="ParseStatus_WaitingWithTrailingSeparator_ReturnsNullInfo" />
    </UnitTest>
    <UnitTest name="CodePrintManager.Printer.Savema.Tests.SpplCommandBuilderTests.ListTemplates_ReturnsExpectedCommand" storage="c:\users\vahe\cascadeprojects\datamatrix-print-service\application\tests\codeprintmanager.printer.savema.tests\bin\debug\net8.0\codeprintmanager.printer.savema.tests.dll" id="cc7dab52-7318-964e-696f-97dcc3807c79">
      <Execution id="fdabe1f0-9e53-4458-93fb-3bcc5f7181b9" />
      <TestMethod codeBase="C:\Users\Vahe\CascadeProjects\datamatrix-print-service\application\tests\CodePrintManager.Printer.Savema.Tests\bin\Debug\net8.0\CodePrintManager.Printer.Savema.Tests.dll" adapterTypeName="executor://xunit/VsTestRunner2/netcoreapp" className="CodePrintManager.Printer.Savema.Tests.SpplCommandBuilderTests" name="ListTemplates_ReturnsExpectedCommand" />
    </UnitTest>
    <UnitTest name="CodePrintManager.Printer.Savema.Tests.SpplResponseParserTests.IsValidCodeValue_ReturnsExpected(code: &quot;has|pipe&quot;, expected: False)" storage="c:\users\vahe\cascadeprojects\datamatrix-print-service\application\tests\codeprintmanager.printer.savema.tests\bin\debug\net8.0\codeprintmanager.printer.savema.tests.dll" id="68ebcc6d-04d8-9489-8abd-99cdb524ae93">
      <Execution id="4ab7261a-2f0f-4d93-ab79-2abf2dbaf035" />
      <TestMethod codeBase="C:\Users\Vahe\CascadeProjects\datamatrix-print-service\application\tests\CodePrintManager.Printer.Savema.Tests\bin\Debug\net8.0\CodePrintManager.Printer.Savema.Tests.dll" adapterTypeName="executor://xunit/VsTestRunner2/netcoreapp" className="CodePrintManager.Printer.Savema.Tests.SpplResponseParserTests" name="IsValidCodeValue_ReturnsExpected" />
    </UnitTest>
    <UnitTest name="CodePrintManager.Printer.Savema.Tests.SpplResponseParserTests.IsValidCodeValue_ReturnsExpected(code: &quot;has~gt~seq&quot;, expected: False)" storage="c:\users\vahe\cascadeprojects\datamatrix-print-service\application\tests\codeprintmanager.printer.savema.tests\bin\debug\net8.0\codeprintmanager.printer.savema.tests.dll" id="754d5bfb-a4af-11ef-7555-ef2b4dd2ccfe">
      <Execution id="7c0d1fe0-00b3-48af-9d72-ccf37da47050" />
      <TestMethod codeBase="C:\Users\Vahe\CascadeProjects\datamatrix-print-service\application\tests\CodePrintManager.Printer.Savema.Tests\bin\Debug\net8.0\CodePrintManager.Printer.Savema.Tests.dll" adapterTypeName="executor://xunit/VsTestRunner2/netcoreapp" className="CodePrintManager.Printer.Savema.Tests.SpplResponseParserTests" name="IsValidCodeValue_ReturnsExpected" />
    </UnitTest>
    <UnitTest name="CodePrintManager.Printer.Savema.Tests.SpplCommandBuilderTests.UploadTemplate_ReturnsExpectedCommand" storage="c:\users\vahe\cascadeprojects\datamatrix-print-service\application\tests\codeprintmanager.printer.savema.tests\bin\debug\net8.0\codeprintmanager.printer.savema.tests.dll" id="70d52791-971d-15af-23af-961b663ce394">
      <Execution id="7e6108fa-d5d8-4c6e-957c-80e10e3e9900" />
      <TestMethod codeBase="C:\Users\Vahe\CascadeProjects\datamatrix-print-service\application\tests\CodePrintManager.Printer.Savema.Tests\bin\Debug\net8.0\CodePrintManager.Printer.Savema.Tests.dll" adapterTypeName="executor://xunit/VsTestRunner2/netcoreapp" className="CodePrintManager.Printer.Savema.Tests.SpplCommandBuilderTests" name="UploadTemplate_ReturnsExpectedCommand" />
    </UnitTest>
    <UnitTest name="CodePrintManager.Printer.Savema.Tests.SpplResponseParserTests.Parse_OkPayload_SetsIsOk" storage="c:\users\vahe\cascadeprojects\datamatrix-print-service\application\tests\codeprintmanager.printer.savema.tests\bin\debug\net8.0\codeprintmanager.printer.savema.tests.dll" id="e174c1b3-ba0f-e7df-e0b0-6c89080e67bd">
      <Execution id="14b1187b-07d0-4043-a6ca-48a6f2b0b9a1" />
      <TestMethod codeBase="C:\Users\Vahe\CascadeProjects\datamatrix-print-service\application\tests\CodePrintManager.Printer.Savema.Tests\bin\Debug\net8.0\CodePrintManager.Printer.Savema.Tests.dll" adapterTypeName="executor://xunit/VsTestRunner2/netcoreapp" className="CodePrintManager.Printer.Savema.Tests.SpplResponseParserTests" name="Parse_OkPayload_SetsIsOk" />
    </UnitTest>
    <UnitTest name="CodePrintManager.Printer.Savema.Tests.SpplResponseTests.AsInt_NumericPayload_ReturnsParsedInt" storage="c:\users\vahe\cascadeprojects\datamatrix-print-service\application\tests\codeprintmanager.printer.savema.tests\bin\debug\net8.0\codeprintmanager.printer.savema.tests.dll" id="38bca473-3d3d-f56a-06a0-da4437fe830b">
      <Execution id="752b4dc7-4bf2-43e6-b5e2-9a6bc81eac25" />
      <TestMethod codeBase="C:\Users\Vahe\CascadeProjects\datamatrix-print-service\application\tests\CodePrintManager.Printer.Savema.Tests\bin\Debug\net8.0\CodePrintManager.Printer.Savema.Tests.dll" adapterTypeName="executor://xunit/VsTestRunner2/netcoreapp" className="CodePrintManager.Printer.Savema.Tests.SpplResponseTests" name="AsInt_NumericPayload_ReturnsParsedInt" />
    </UnitTest>
    <UnitTest name="CodePrintManager.Printer.Savema.Tests.TcpAdapterTests.K2_ConnectionDropAfterCommand_ThrowsIOException" storage="c:\users\vahe\cascadeprojects\datamatrix-print-service\application\tests\codeprintmanager.printer.savema.tests\bin\debug\net8.0\codeprintmanager.printer.savema.tests.dll" id="4e3b8180-03c0-ff39-6ae2-d713df8b072b">
      <Execution id="38d0e51f-b903-4fcf-863b-d03793ebb51b" />
      <TestMethod codeBase="C:\Users\Vahe\CascadeProjects\datamatrix-print-service\application\tests\CodePrintManager.Printer.Savema.Tests\bin\Debug\net8.0\CodePrintManager.Printer.Savema.Tests.dll" adapterTypeName="executor://xunit/VsTestRunner2/netcoreapp" className="CodePrintManager.Printer.Savema.Tests.TcpAdapterTests" name="K2_ConnectionDropAfterCommand_ThrowsIOException" />
    </UnitTest>
    <UnitTest name="CodePrintManager.Printer.Savema.Tests.SpplResponseTests.AsList_EmptyPayload_ReturnsSingleEmptyElement" storage="c:\users\vahe\cascadeprojects\datamatrix-print-service\application\tests\codeprintmanager.printer.savema.tests\bin\debug\net8.0\codeprintmanager.printer.savema.tests.dll" id="ad19a0a4-7ae0-e590-e78d-d89f8018051a">
      <Execution id="e9e09893-92b8-4535-8989-023b332537c1" />
      <TestMethod codeBase="C:\Users\Vahe\CascadeProjects\datamatrix-print-service\application\tests\CodePrintManager.Printer.Savema.Tests\bin\Debug\net8.0\CodePrintManager.Printer.Savema.Tests.dll" adapterTypeName="executor://xunit/VsTestRunner2/netcoreapp" className="CodePrintManager.Printer.Savema.Tests.SpplResponseTests" name="AsList_EmptyPayload_ReturnsSingleEmptyElement" />
    </UnitTest>
    <UnitTest name="CodePrintManager.Printer.Savema.Tests.SpplCommandBuilderTests.StartPrint_ReturnsExpectedCommand" storage="c:\users\vahe\cascadeprojects\datamatrix-print-service\application\tests\codeprintmanager.printer.savema.tests\bin\debug\net8.0\codeprintmanager.printer.savema.tests.dll" id="3c951491-4054-ccfe-5ced-00cce163e25d">
      <Execution id="533885da-60e9-4de3-a0da-a9f562943053" />
      <TestMethod codeBase="C:\Users\Vahe\CascadeProjects\datamatrix-print-service\application\tests\CodePrintManager.Printer.Savema.Tests\bin\Debug\net8.0\CodePrintManager.Printer.Savema.Tests.dll" adapterTypeName="executor://xunit/VsTestRunner2/netcoreapp" className="CodePrintManager.Printer.Savema.Tests.SpplCommandBuilderTests" name="StartPrint_ReturnsExpectedCommand" />
    </UnitTest>
    <UnitTest name="CodePrintManager.Printer.Savema.Tests.SpplCommandBuilderTests.GetTotalCounter_ReturnsExpectedCommand" storage="c:\users\vahe\cascadeprojects\datamatrix-print-service\application\tests\codeprintmanager.printer.savema.tests\bin\debug\net8.0\codeprintmanager.printer.savema.tests.dll" id="c53f6a48-d1b4-3d15-45ee-05f741ddd546">
      <Execution id="c3a7bc94-dd35-4398-8961-476064e7af22" />
      <TestMethod codeBase="C:\Users\Vahe\CascadeProjects\datamatrix-print-service\application\tests\CodePrintManager.Printer.Savema.Tests\bin\Debug\net8.0\CodePrintManager.Printer.Savema.Tests.dll" adapterTypeName="executor://xunit/VsTestRunner2/netcoreapp" className="CodePrintManager.Printer.Savema.Tests.SpplCommandBuilderTests" name="GetTotalCounter_ReturnsExpectedCommand" />
    </UnitTest>
    <UnitTest name="CodePrintManager.Printer.Savema.Tests.SpplResponseParserTests.ParseStatus_ErrorWithDetail_ReturnsInfo" storage="c:\users\vahe\cascadeprojects\datamatrix-print-service\application\tests\codeprintmanager.printer.savema.tests\bin\debug\net8.0\codeprintmanager.printer.savema.tests.dll" id="4c32e081-2bc3-202f-8eff-cd537d95439e">
      <Execution id="8646bd76-4bc9-4d1e-8801-7f7072424a29" />
      <TestMethod codeBase="C:\Users\Vahe\CascadeProjects\datamatrix-print-service\application\tests\CodePrintManager.Printer.Savema.Tests\bin\Debug\net8.0\CodePrintManager.Printer.Savema.Tests.dll" adapterTypeName="executor://xunit/VsTestRunner2/netcoreapp" className="CodePrintManager.Printer.Savema.Tests.SpplResponseParserTests" name="ParseStatus_ErrorWithDetail_ReturnsInfo" />
    </UnitTest>
    <UnitTest name="CodePrintManager.Printer.Savema.Tests.TcpAdapterTests.K5_UnsolicitedFrameBeforeResponse_CorrectResponseExtracted" storage="c:\users\vahe\cascadeprojects\datamatrix-print-service\application\tests\codeprintmanager.printer.savema.tests\bin\debug\net8.0\codeprintmanager.printer.savema.tests.dll" id="97967b39-fd34-30ac-35ac-7af407726a12">
      <Execution id="73cb0585-9bb0-4134-bca9-785d8afd8000" />
      <TestMethod codeBase="C:\Users\Vahe\CascadeProjects\datamatrix-print-service\application\tests\CodePrintManager.Printer.Savema.Tests\bin\Debug\net8.0\CodePrintManager.Printer.Savema.Tests.dll" adapterTypeName="executor://xunit/VsTestRunner2/netcoreapp" className="CodePrintManager.Printer.Savema.Tests.TcpAdapterTests" name="K5_UnsolicitedFrameBeforeResponse_CorrectResponseExtracted" />
    </UnitTest>
    <UnitTest name="CodePrintManager.Printer.Savema.Tests.SpplResponseParserTests.IsValidCodeValue_ReturnsExpected(code: &quot;has\nnewline&quot;, expected: False)" storage="c:\users\vahe\cascadeprojects\datamatrix-print-service\application\tests\codeprintmanager.printer.savema.tests\bin\debug\net8.0\codeprintmanager.printer.savema.tests.dll" id="05cf3ac9-8432-99b1-c219-41b89f8b6d25">
      <Execution id="342ae5b2-5af9-408d-bded-dfb28437d84d" />
      <TestMethod codeBase="C:\Users\Vahe\CascadeProjects\datamatrix-print-service\application\tests\CodePrintManager.Printer.Savema.Tests\bin\Debug\net8.0\CodePrintManager.Printer.Savema.Tests.dll" adapterTypeName="executor://xunit/VsTestRunner2/netcoreapp" className="CodePrintManager.Printer.Savema.Tests.SpplResponseParserTests" name="IsValidCodeValue_ReturnsExpected" />
    </UnitTest>
    <UnitTest name="CodePrintManager.Printer.Savema.Tests.SpplCommandBuilderTests.ActivateTemplate_ReturnsExpectedCommand" storage="c:\users\vahe\cascadeprojects\datamatrix-print-service\application\tests\codeprintmanager.printer.savema.tests\bin\debug\net8.0\codeprintmanager.printer.savema.tests.dll" id="7dc89847-eb39-d887-1195-5c7c5046fe7f">
      <Execution id="3a6f8feb-c124-443b-b9fb-39999b4870a2" />
      <TestMethod codeBase="C:\Users\Vahe\CascadeProjects\datamatrix-print-service\application\tests\CodePrintManager.Printer.Savema.Tests\bin\Debug\net8.0\CodePrintManager.Printer.Savema.Tests.dll" adapterTypeName="executor://xunit/VsTestRunner2/netcoreapp" className="CodePrintManager.Printer.Savema.Tests.SpplCommandBuilderTests" name="ActivateTemplate_ReturnsExpectedCommand" />
    </UnitTest>
    <UnitTest name="CodePrintManager.Printer.Savema.Tests.SpplResponseParserTests.Parse_FailPayload_SetsIsFail" storage="c:\users\vahe\cascadeprojects\datamatrix-print-service\application\tests\codeprintmanager.printer.savema.tests\bin\debug\net8.0\codeprintmanager.printer.savema.tests.dll" id="a45ba68a-f8e4-b396-7637-8379ecc84408">
      <Execution id="49f53e04-d82d-4758-9463-a6a308e39089" />
      <TestMethod codeBase="C:\Users\Vahe\CascadeProjects\datamatrix-print-service\application\tests\CodePrintManager.Printer.Savema.Tests\bin\Debug\net8.0\CodePrintManager.Printer.Savema.Tests.dll" adapterTypeName="executor://xunit/VsTestRunner2/netcoreapp" className="CodePrintManager.Printer.Savema.Tests.SpplResponseParserTests" name="Parse_FailPayload_SetsIsFail" />
    </UnitTest>
    <UnitTest name="CodePrintManager.Printer.Savema.Tests.TcpAdapterTests.K7_MultipleRapidCommands_AllReturnCorrectResults" storage="c:\users\vahe\cascadeprojects\datamatrix-print-service\application\tests\codeprintmanager.printer.savema.tests\bin\debug\net8.0\codeprintmanager.printer.savema.tests.dll" id="44f1053e-30e4-1cc1-fc44-ee6add1db94a">
      <Execution id="1da36919-abe0-4886-8b2f-1610e9f1aa3f" />
      <TestMethod codeBase="C:\Users\Vahe\CascadeProjects\datamatrix-print-service\application\tests\CodePrintManager.Printer.Savema.Tests\bin\Debug\net8.0\CodePrintManager.Printer.Savema.Tests.dll" adapterTypeName="executor://xunit/VsTestRunner2/netcoreapp" className="CodePrintManager.Printer.Savema.Tests.TcpAdapterTests" name="K7_MultipleRapidCommands_AllReturnCorrectResults" />
    </UnitTest>
    <UnitTest name="CodePrintManager.Printer.Savema.Tests.SpplCommandBuilderTests.ListCsvFiles_ReturnsExpectedCommand" storage="c:\users\vahe\cascadeprojects\datamatrix-print-service\application\tests\codeprintmanager.printer.savema.tests\bin\debug\net8.0\codeprintmanager.printer.savema.tests.dll" id="57dd5905-1071-6813-50dd-1aac9ff80c2a">
      <Execution id="05055dfe-67ae-4aae-87f4-242dc7cb6963" />
      <TestMethod codeBase="C:\Users\Vahe\CascadeProjects\datamatrix-print-service\application\tests\CodePrintManager.Printer.Savema.Tests\bin\Debug\net8.0\CodePrintManager.Printer.Savema.Tests.dll" adapterTypeName="executor://xunit/VsTestRunner2/netcoreapp" className="CodePrintManager.Printer.Savema.Tests.SpplCommandBuilderTests" name="ListCsvFiles_ReturnsExpectedCommand" />
    </UnitTest>
    <UnitTest name="CodePrintManager.Printer.Savema.Tests.SpplCommandBuilderTests.DeleteCsv_ReturnsExpectedCommand" storage="c:\users\vahe\cascadeprojects\datamatrix-print-service\application\tests\codeprintmanager.printer.savema.tests\bin\debug\net8.0\codeprintmanager.printer.savema.tests.dll" id="482b3dcb-fcf2-f72c-bd8c-db319a867bb8">
      <Execution id="14e881ab-b33e-4933-a387-7d13f96f6def" />
      <TestMethod codeBase="C:\Users\Vahe\CascadeProjects\datamatrix-print-service\application\tests\CodePrintManager.Printer.Savema.Tests\bin\Debug\net8.0\CodePrintManager.Printer.Savema.Tests.dll" adapterTypeName="executor://xunit/VsTestRunner2/netcoreapp" className="CodePrintManager.Printer.Savema.Tests.SpplCommandBuilderTests" name="DeleteCsv_ReturnsExpectedCommand" />
    </UnitTest>
    <UnitTest name="CodePrintManager.Printer.Savema.Tests.SpplResponseTests.AsList_MultipleItems_ReturnsSplitList" storage="c:\users\vahe\cascadeprojects\datamatrix-print-service\application\tests\codeprintmanager.printer.savema.tests\bin\debug\net8.0\codeprintmanager.printer.savema.tests.dll" id="56e45aaa-aa9d-1a0d-df7b-994635178341">
      <Execution id="164f1098-6709-4bfe-9b70-39db4cab992c" />
      <TestMethod codeBase="C:\Users\Vahe\CascadeProjects\datamatrix-print-service\application\tests\CodePrintManager.Printer.Savema.Tests\bin\Debug\net8.0\CodePrintManager.Printer.Savema.Tests.dll" adapterTypeName="executor://xunit/VsTestRunner2/netcoreapp" className="CodePrintManager.Printer.Savema.Tests.SpplResponseTests" name="AsList_MultipleItems_ReturnsSplitList" />
    </UnitTest>
    <UnitTest name="CodePrintManager.Printer.Savema.Tests.SpplResponseParserTests.IsValidCodeValue_ReturnsExpected(code: &quot;01234567890128&quot;, expected: True)" storage="c:\users\vahe\cascadeprojects\datamatrix-print-service\application\tests\codeprintmanager.printer.savema.tests\bin\debug\net8.0\codeprintmanager.printer.savema.tests.dll" id="381c8293-c26b-2d3a-b0ff-2957772bbd45">
      <Execution id="f617298e-6b28-4229-a527-7ceb34eaea04" />
      <TestMethod codeBase="C:\Users\Vahe\CascadeProjects\datamatrix-print-service\application\tests\CodePrintManager.Printer.Savema.Tests\bin\Debug\net8.0\CodePrintManager.Printer.Savema.Tests.dll" adapterTypeName="executor://xunit/VsTestRunner2/netcoreapp" className="CodePrintManager.Printer.Savema.Tests.SpplResponseParserTests" name="IsValidCodeValue_ReturnsExpected" />
    </UnitTest>
    <UnitTest name="CodePrintManager.Printer.Savema.Tests.SpplResponseParserTests.IsValidCodeValue_ReturnsExpected(code: &quot;ABC123&quot;, expected: True)" storage="c:\users\vahe\cascadeprojects\datamatrix-print-service\application\tests\codeprintmanager.printer.savema.tests\bin\debug\net8.0\codeprintmanager.printer.savema.tests.dll" id="1ff332b9-3ab4-ef84-7e8b-0de59024c925">
      <Execution id="ef3aa69e-c2a9-42ec-a5ec-acf7130f471c" />
      <TestMethod codeBase="C:\Users\Vahe\CascadeProjects\datamatrix-print-service\application\tests\CodePrintManager.Printer.Savema.Tests\bin\Debug\net8.0\CodePrintManager.Printer.Savema.Tests.dll" adapterTypeName="executor://xunit/VsTestRunner2/netcoreapp" className="CodePrintManager.Printer.Savema.Tests.SpplResponseParserTests" name="IsValidCodeValue_ReturnsExpected" />
    </UnitTest>
    <UnitTest name="CodePrintManager.Printer.Savema.Tests.SpplCommandBuilderTests.GetStatus_ReturnsExpectedCommand" storage="c:\users\vahe\cascadeprojects\datamatrix-print-service\application\tests\codeprintmanager.printer.savema.tests\bin\debug\net8.0\codeprintmanager.printer.savema.tests.dll" id="f6c652c6-ab53-2c1a-a3f9-9a550e64cb7d">
      <Execution id="eb09eb34-9fe2-4897-9f0b-606076fb6e49" />
      <TestMethod codeBase="C:\Users\Vahe\CascadeProjects\datamatrix-print-service\application\tests\CodePrintManager.Printer.Savema.Tests\bin\Debug\net8.0\CodePrintManager.Printer.Savema.Tests.dll" adapterTypeName="executor://xunit/VsTestRunner2/netcoreapp" className="CodePrintManager.Printer.Savema.Tests.SpplCommandBuilderTests" name="GetStatus_ReturnsExpectedCommand" />
    </UnitTest>
    <UnitTest name="CodePrintManager.Printer.Savema.Tests.SpplCommandBuilderTests.StopPrint_ReturnsExpectedCommand" storage="c:\users\vahe\cascadeprojects\datamatrix-print-service\application\tests\codeprintmanager.printer.savema.tests\bin\debug\net8.0\codeprintmanager.printer.savema.tests.dll" id="7c030848-1771-cdda-c193-480b21b2dfff">
      <Execution id="aee343f7-95a1-4d9b-96e4-27dd45cda320" />
      <TestMethod codeBase="C:\Users\Vahe\CascadeProjects\datamatrix-print-service\application\tests\CodePrintManager.Printer.Savema.Tests\bin\Debug\net8.0\CodePrintManager.Printer.Savema.Tests.dll" adapterTypeName="executor://xunit/VsTestRunner2/netcoreapp" className="CodePrintManager.Printer.Savema.Tests.SpplCommandBuilderTests" name="StopPrint_ReturnsExpectedCommand" />
    </UnitTest>
    <UnitTest name="CodePrintManager.Printer.Savema.Tests.SpplCommandBuilderTests.SetPrintQuantity_ReturnsExpectedCommand" storage="c:\users\vahe\cascadeprojects\datamatrix-print-service\application\tests\codeprintmanager.printer.savema.tests\bin\debug\net8.0\codeprintmanager.printer.savema.tests.dll" id="346f5a8f-e06d-fc4f-29bf-8095a3405ce6">
      <Execution id="72362ffd-f62a-4d06-957a-7a6eb7281e3c" />
      <TestMethod codeBase="C:\Users\Vahe\CascadeProjects\datamatrix-print-service\application\tests\CodePrintManager.Printer.Savema.Tests\bin\Debug\net8.0\CodePrintManager.Printer.Savema.Tests.dll" adapterTypeName="executor://xunit/VsTestRunner2/netcoreapp" className="CodePrintManager.Printer.Savema.Tests.SpplCommandBuilderTests" name="SetPrintQuantity_ReturnsExpectedCommand" />
    </UnitTest>
    <UnitTest name="CodePrintManager.Printer.Savema.Tests.SpplCommandBuilderTests.UploadCsv_ReturnsExpectedCommand" storage="c:\users\vahe\cascadeprojects\datamatrix-print-service\application\tests\codeprintmanager.printer.savema.tests\bin\debug\net8.0\codeprintmanager.printer.savema.tests.dll" id="ef8e1020-a1b1-b839-1a80-fccca8668e13">
      <Execution id="9ba3be42-5bb3-4f9e-b063-1ac18f22fdcd" />
      <TestMethod codeBase="C:\Users\Vahe\CascadeProjects\datamatrix-print-service\application\tests\CodePrintManager.Printer.Savema.Tests\bin\Debug\net8.0\CodePrintManager.Printer.Savema.Tests.dll" adapterTypeName="executor://xunit/VsTestRunner2/netcoreapp" className="CodePrintManager.Printer.Savema.Tests.SpplCommandBuilderTests" name="UploadCsv_ReturnsExpectedCommand" />
    </UnitTest>
    <UnitTest name="CodePrintManager.Printer.Savema.Tests.SpplResponseTests.IsOkAndIsFail_OtherPayload_BothFalse" storage="c:\users\vahe\cascadeprojects\datamatrix-print-service\application\tests\codeprintmanager.printer.savema.tests\bin\debug\net8.0\codeprintmanager.printer.savema.tests.dll" id="fdbec72c-2d99-86e2-0f5e-bed552f8c0ae">
      <Execution id="88d2acf3-9e2a-40f7-96c1-c528e54e2c53" />
      <TestMethod codeBase="C:\Users\Vahe\CascadeProjects\datamatrix-print-service\application\tests\CodePrintManager.Printer.Savema.Tests\bin\Debug\net8.0\CodePrintManager.Printer.Savema.Tests.dll" adapterTypeName="executor://xunit/VsTestRunner2/netcoreapp" className="CodePrintManager.Printer.Savema.Tests.SpplResponseTests" name="IsOkAndIsFail_OtherPayload_BothFalse" />
    </UnitTest>
    <UnitTest name="CodePrintManager.Printer.Savema.Tests.TcpAdapterTests.K8_TcpReset_ThrowsIOException" storage="c:\users\vahe\cascadeprojects\datamatrix-print-service\application\tests\codeprintmanager.printer.savema.tests\bin\debug\net8.0\codeprintmanager.printer.savema.tests.dll" id="af54d65a-a63f-b657-ac22-35570e6f7de3">
      <Execution id="18dd8930-61f9-4b8b-aada-bff97e56cb48" />
      <TestMethod codeBase="C:\Users\Vahe\CascadeProjects\datamatrix-print-service\application\tests\CodePrintManager.Printer.Savema.Tests\bin\Debug\net8.0\CodePrintManager.Printer.Savema.Tests.dll" adapterTypeName="executor://xunit/VsTestRunner2/netcoreapp" className="CodePrintManager.Printer.Savema.Tests.TcpAdapterTests" name="K8_TcpReset_ThrowsIOException" />
    </UnitTest>
    <UnitTest name="CodePrintManager.Printer.Savema.Tests.SpplResponseParserTests.Parse_MissingColon_Throws" storage="c:\users\vahe\cascadeprojects\datamatrix-print-service\application\tests\codeprintmanager.printer.savema.tests\bin\debug\net8.0\codeprintmanager.printer.savema.tests.dll" id="46220ad2-7c5a-3308-ccbf-2e56d09daec2">
      <Execution id="17cbd234-a873-4fe4-a030-fddef53111b9" />
      <TestMethod codeBase="C:\Users\Vahe\CascadeProjects\datamatrix-print-service\application\tests\CodePrintManager.Printer.Savema.Tests\bin\Debug\net8.0\CodePrintManager.Printer.Savema.Tests.dll" adapterTypeName="executor://xunit/VsTestRunner2/netcoreapp" className="CodePrintManager.Printer.Savema.Tests.SpplResponseParserTests" name="Parse_MissingColon_Throws" />
    </UnitTest>
    <UnitTest name="CodePrintManager.Printer.Savema.Tests.SpplResponseParserTests.ParseStatus_RunningBlocked_ReturnsInfo" storage="c:\users\vahe\cascadeprojects\datamatrix-print-service\application\tests\codeprintmanager.printer.savema.tests\bin\debug\net8.0\codeprintmanager.printer.savema.tests.dll" id="d233f8de-de77-59dd-5841-8e970c90d1e3">
      <Execution id="65a1d40d-7ed2-469c-82be-6442c0c89661" />
      <TestMethod codeBase="C:\Users\Vahe\CascadeProjects\datamatrix-print-service\application\tests\CodePrintManager.Printer.Savema.Tests\bin\Debug\net8.0\CodePrintManager.Printer.Savema.Tests.dll" adapterTypeName="executor://xunit/VsTestRunner2/netcoreapp" className="CodePrintManager.Printer.Savema.Tests.SpplResponseParserTests" name="ParseStatus_RunningBlocked_ReturnsInfo" />
    </UnitTest>
    <UnitTest name="CodePrintManager.Printer.Savema.Tests.SpplResponseParserTests.IsValidCodeValue_ReturnsExpected(code: &quot;has~tilde&quot;, expected: False)" storage="c:\users\vahe\cascadeprojects\datamatrix-print-service\application\tests\codeprintmanager.printer.savema.tests\bin\debug\net8.0\codeprintmanager.printer.savema.tests.dll" id="19631640-a5db-3b42-740a-33e502ba3168">
      <Execution id="f37cdb29-5767-43b8-9075-f44fff769ad6" />
      <TestMethod codeBase="C:\Users\Vahe\CascadeProjects\datamatrix-print-service\application\tests\CodePrintManager.Printer.Savema.Tests\bin\Debug\net8.0\CodePrintManager.Printer.Savema.Tests.dll" adapterTypeName="executor://xunit/VsTestRunner2/netcoreapp" className="CodePrintManager.Printer.Savema.Tests.SpplResponseParserTests" name="IsValidCodeValue_ReturnsExpected" />
    </UnitTest>
    <UnitTest name="CodePrintManager.Printer.Savema.Tests.SpplCommandBuilderTests.GetRemainingQuantity_ReturnsExpectedCommand" storage="c:\users\vahe\cascadeprojects\datamatrix-print-service\application\tests\codeprintmanager.printer.savema.tests\bin\debug\net8.0\codeprintmanager.printer.savema.tests.dll" id="1396d99f-e35d-91e9-dd07-1edfa1fbdaf2">
      <Execution id="c036ff96-bdb6-4e14-b6fa-81b542f8848f" />
      <TestMethod codeBase="C:\Users\Vahe\CascadeProjects\datamatrix-print-service\application\tests\CodePrintManager.Printer.Savema.Tests\bin\Debug\net8.0\CodePrintManager.Printer.Savema.Tests.dll" adapterTypeName="executor://xunit/VsTestRunner2/netcoreapp" className="CodePrintManager.Printer.Savema.Tests.SpplCommandBuilderTests" name="GetRemainingQuantity_ReturnsExpectedCommand" />
    </UnitTest>
    <UnitTest name="CodePrintManager.Printer.Savema.Tests.SpplResponseTests.AsList_SingleValue_ReturnsSingleElement" storage="c:\users\vahe\cascadeprojects\datamatrix-print-service\application\tests\codeprintmanager.printer.savema.tests\bin\debug\net8.0\codeprintmanager.printer.savema.tests.dll" id="3e61c5f6-f0c4-622f-7fd1-1e6e227c72c0">
      <Execution id="e4ecaf7a-aa39-43dd-98df-069eb66f4f87" />
      <TestMethod codeBase="C:\Users\Vahe\CascadeProjects\datamatrix-print-service\application\tests\CodePrintManager.Printer.Savema.Tests\bin\Debug\net8.0\CodePrintManager.Printer.Savema.Tests.dll" adapterTypeName="executor://xunit/VsTestRunner2/netcoreapp" className="CodePrintManager.Printer.Savema.Tests.SpplResponseTests" name="AsList_SingleValue_ReturnsSingleElement" />
    </UnitTest>
    <UnitTest name="CodePrintManager.Printer.Savema.Tests.SpplResponseParserTests.Parse_NumericPayload_AsIntReturnsValue" storage="c:\users\vahe\cascadeprojects\datamatrix-print-service\application\tests\codeprintmanager.printer.savema.tests\bin\debug\net8.0\codeprintmanager.printer.savema.tests.dll" id="e94e3528-40cb-2709-bc9a-2e0ffc30304d">
      <Execution id="7404b68a-e99a-4222-bd34-ebea8e942679" />
      <TestMethod codeBase="C:\Users\Vahe\CascadeProjects\datamatrix-print-service\application\tests\CodePrintManager.Printer.Savema.Tests\bin\Debug\net8.0\CodePrintManager.Printer.Savema.Tests.dll" adapterTypeName="executor://xunit/VsTestRunner2/netcoreapp" className="CodePrintManager.Printer.Savema.Tests.SpplResponseParserTests" name="Parse_NumericPayload_AsIntReturnsValue" />
    </UnitTest>
    <UnitTest name="CodePrintManager.Printer.Savema.Tests.SpplResponseParserTests.Parse_ListPayload_AsListReturnsSplitValues" storage="c:\users\vahe\cascadeprojects\datamatrix-print-service\application\tests\codeprintmanager.printer.savema.tests\bin\debug\net8.0\codeprintmanager.printer.savema.tests.dll" id="846d32c4-fd6a-1b2c-6bee-289539557c12">
      <Execution id="e2b73930-4e25-40c8-9089-e1f43fd1290c" />
      <TestMethod codeBase="C:\Users\Vahe\CascadeProjects\datamatrix-print-service\application\tests\CodePrintManager.Printer.Savema.Tests\bin\Debug\net8.0\CodePrintManager.Printer.Savema.Tests.dll" adapterTypeName="executor://xunit/VsTestRunner2/netcoreapp" className="CodePrintManager.Printer.Savema.Tests.SpplResponseParserTests" name="Parse_ListPayload_AsListReturnsSplitValues" />
    </UnitTest>
    <UnitTest name="CodePrintManager.Printer.Savema.Tests.TcpAdapterTests.K3_PartialResponse_ThrowsException" storage="c:\users\vahe\cascadeprojects\datamatrix-print-service\application\tests\codeprintmanager.printer.savema.tests\bin\debug\net8.0\codeprintmanager.printer.savema.tests.dll" id="4e07980a-4e74-9315-2ffd-35f7a4b82cf6">
      <Execution id="4a4fb311-4cde-4a87-9cbc-12dbcecbf15d" />
      <TestMethod codeBase="C:\Users\Vahe\CascadeProjects\datamatrix-print-service\application\tests\CodePrintManager.Printer.Savema.Tests\bin\Debug\net8.0\CodePrintManager.Printer.Savema.Tests.dll" adapterTypeName="executor://xunit/VsTestRunner2/netcoreapp" className="CodePrintManager.Printer.Savema.Tests.TcpAdapterTests" name="K3_PartialResponse_ThrowsException" />
    </UnitTest>
    <UnitTest name="CodePrintManager.Printer.Savema.Tests.SpplResponseTests.IsFail_FailPayload_TrueAndIsOkFalse" storage="c:\users\vahe\cascadeprojects\datamatrix-print-service\application\tests\codeprintmanager.printer.savema.tests\bin\debug\net8.0\codeprintmanager.printer.savema.tests.dll" id="50933e8d-3ef9-f4ec-2b64-934b3e4a64c1">
      <Execution id="1eedb17d-38a4-4a79-82bf-27c61ad6f685" />
      <TestMethod codeBase="C:\Users\Vahe\CascadeProjects\datamatrix-print-service\application\tests\CodePrintManager.Printer.Savema.Tests\bin\Debug\net8.0\CodePrintManager.Printer.Savema.Tests.dll" adapterTypeName="executor://xunit/VsTestRunner2/netcoreapp" className="CodePrintManager.Printer.Savema.Tests.SpplResponseTests" name="IsFail_FailPayload_TrueAndIsOkFalse" />
    </UnitTest>
    <UnitTest name="CodePrintManager.Printer.Savema.Tests.SpplCommandBuilderTests.GetSerialNumber_ReturnsExpectedCommand" storage="c:\users\vahe\cascadeprojects\datamatrix-print-service\application\tests\codeprintmanager.printer.savema.tests\bin\debug\net8.0\codeprintmanager.printer.savema.tests.dll" id="6eee18df-ee0f-8d67-ebd1-21493d878ced">
      <Execution id="79626237-98c2-45cb-ab48-a5b9f09aa0c1" />
      <TestMethod codeBase="C:\Users\Vahe\CascadeProjects\datamatrix-print-service\application\tests\CodePrintManager.Printer.Savema.Tests\bin\Debug\net8.0\CodePrintManager.Printer.Savema.Tests.dll" adapterTypeName="executor://xunit/VsTestRunner2/netcoreapp" className="CodePrintManager.Printer.Savema.Tests.SpplCommandBuilderTests" name="GetSerialNumber_ReturnsExpectedCommand" />
    </UnitTest>
    <UnitTest name="CodePrintManager.Printer.Savema.Tests.TcpAdapterTests.K6_ReconnectAfterDisconnect_Works" storage="c:\users\vahe\cascadeprojects\datamatrix-print-service\application\tests\codeprintmanager.printer.savema.tests\bin\debug\net8.0\codeprintmanager.printer.savema.tests.dll" id="c4deeaf6-28c1-291e-4e2a-9ef933d0170e">
      <Execution id="7bbd878a-bf15-4d8e-8839-29c27132627d" />
      <TestMethod codeBase="C:\Users\Vahe\CascadeProjects\datamatrix-print-service\application\tests\CodePrintManager.Printer.Savema.Tests\bin\Debug\net8.0\CodePrintManager.Printer.Savema.Tests.dll" adapterTypeName="executor://xunit/VsTestRunner2/netcoreapp" className="CodePrintManager.Printer.Savema.Tests.TcpAdapterTests" name="K6_ReconnectAfterDisconnect_Works" />
    </UnitTest>
    <UnitTest name="CodePrintManager.Printer.Savema.Tests.SpplResponseTests.IsOk_OkPayload_TrueAndIsFailFalse" storage="c:\users\vahe\cascadeprojects\datamatrix-print-service\application\tests\codeprintmanager.printer.savema.tests\bin\debug\net8.0\codeprintmanager.printer.savema.tests.dll" id="54ed0b33-f053-ebf6-ebad-ee496f94908c">
      <Execution id="54e78aa1-6035-4871-bbb7-f31db0cc8446" />
      <TestMethod codeBase="C:\Users\Vahe\CascadeProjects\datamatrix-print-service\application\tests\CodePrintManager.Printer.Savema.Tests\bin\Debug\net8.0\CodePrintManager.Printer.Savema.Tests.dll" adapterTypeName="executor://xunit/VsTestRunner2/netcoreapp" className="CodePrintManager.Printer.Savema.Tests.SpplResponseTests" name="IsOk_OkPayload_TrueAndIsFailFalse" />
    </UnitTest>
    <UnitTest name="CodePrintManager.Printer.Savema.Tests.SpplResponseParserTests.IsValidCodeValue_ReturnsExpected(code: &quot;has~sc~seq&quot;, expected: False)" storage="c:\users\vahe\cascadeprojects\datamatrix-print-service\application\tests\codeprintmanager.printer.savema.tests\bin\debug\net8.0\codeprintmanager.printer.savema.tests.dll" id="34654a39-31bb-8dfb-e8d6-a2f0c87fbfde">
      <Execution id="e53620e1-5c6b-40b7-b4b0-c848428fc512" />
      <TestMethod codeBase="C:\Users\Vahe\CascadeProjects\datamatrix-print-service\application\tests\CodePrintManager.Printer.Savema.Tests\bin\Debug\net8.0\CodePrintManager.Printer.Savema.Tests.dll" adapterTypeName="executor://xunit/VsTestRunner2/netcoreapp" className="CodePrintManager.Printer.Savema.Tests.SpplResponseParserTests" name="IsValidCodeValue_ReturnsExpected" />
    </UnitTest>
    <UnitTest name="CodePrintManager.Printer.Savema.Tests.SpplResponseParserTests.IsValidCodeValue_ReturnsExpected(code: &quot;has\rreturn&quot;, expected: False)" storage="c:\users\vahe\cascadeprojects\datamatrix-print-service\application\tests\codeprintmanager.printer.savema.tests\bin\debug\net8.0\codeprintmanager.printer.savema.tests.dll" id="516cfb99-41a7-90df-2b1c-6fdf1a399753">
      <Execution id="30149ca3-c49c-4bcc-a19f-290b3cff8439" />
      <TestMethod codeBase="C:\Users\Vahe\CascadeProjects\datamatrix-print-service\application\tests\CodePrintManager.Printer.Savema.Tests\bin\Debug\net8.0\CodePrintManager.Printer.Savema.Tests.dll" adapterTypeName="executor://xunit/VsTestRunner2/netcoreapp" className="CodePrintManager.Printer.Savema.Tests.SpplResponseParserTests" name="IsValidCodeValue_ReturnsExpected" />
    </UnitTest>
  </TestDefinitions>
  <TestEntries>
    <TestEntry testId="c53f6a48-d1b4-3d15-45ee-05f741ddd546" executionId="c3a7bc94-dd35-4398-8961-476064e7af22" testListId="8c84fa94-04c1-424b-9868-57a2d4851a1d" />
    <TestEntry testId="05cf3ac9-8432-99b1-c219-41b89f8b6d25" executionId="342ae5b2-5af9-408d-bded-dfb28437d84d" testListId="8c84fa94-04c1-424b-9868-57a2d4851a1d" />
    <TestEntry testId="cfe0d5e1-479e-24a1-880c-f643ef338676" executionId="430e56d7-795e-4fc3-a656-2d8198cef965" testListId="8c84fa94-04c1-424b-9868-57a2d4851a1d" />
    <TestEntry testId="5285deb3-e73c-e786-39a3-c7b78d4c87bf" executionId="362b3f0c-f773-4bd7-8e33-a432c09b32a8" testListId="8c84fa94-04c1-424b-9868-57a2d4851a1d" />
    <TestEntry testId="826e6ecb-1c38-7810-2a78-c418e0dc2338" executionId="e69aa662-1111-4e34-8da4-586d0af8b854" testListId="8c84fa94-04c1-424b-9868-57a2d4851a1d" />
    <TestEntry testId="46220ad2-7c5a-3308-ccbf-2e56d09daec2" executionId="17cbd234-a873-4fe4-a030-fddef53111b9" testListId="8c84fa94-04c1-424b-9868-57a2d4851a1d" />
    <TestEntry testId="482b3dcb-fcf2-f72c-bd8c-db319a867bb8" executionId="14e881ab-b33e-4933-a387-7d13f96f6def" testListId="8c84fa94-04c1-424b-9868-57a2d4851a1d" />
    <TestEntry testId="381c8293-c26b-2d3a-b0ff-2957772bbd45" executionId="f617298e-6b28-4229-a527-7ceb34eaea04" testListId="8c84fa94-04c1-424b-9868-57a2d4851a1d" />
    <TestEntry testId="7dc89847-eb39-d887-1195-5c7c5046fe7f" executionId="3a6f8feb-c124-443b-b9fb-39999b4870a2" testListId="8c84fa94-04c1-424b-9868-57a2d4851a1d" />
    <TestEntry testId="c4deeaf6-28c1-291e-4e2a-9ef933d0170e" executionId="7bbd878a-bf15-4d8e-8839-29c27132627d" testListId="8c84fa94-04c1-424b-9868-57a2d4851a1d" />
    <TestEntry testId="4e3b8180-03c0-ff39-6ae2-d713df8b072b" executionId="38d0e51f-b903-4fcf-863b-d03793ebb51b" testListId="8c84fa94-04c1-424b-9868-57a2d4851a1d" />
    <TestEntry testId="57dd5905-1071-6813-50dd-1aac9ff80c2a" executionId="05055dfe-67ae-4aae-87f4-242dc7cb6963" testListId="8c84fa94-04c1-424b-9868-57a2d4851a1d" />
    <TestEntry testId="346f5a8f-e06d-fc4f-29bf-8095a3405ce6" executionId="72362ffd-f62a-4d06-957a-7a6eb7281e3c" testListId="8c84fa94-04c1-424b-9868-57a2d4851a1d" />
    <TestEntry testId="1ff332b9-3ab4-ef84-7e8b-0de59024c925" executionId="ef3aa69e-c2a9-42ec-a5ec-acf7130f471c" testListId="8c84fa94-04c1-424b-9868-57a2d4851a1d" />
    <TestEntry testId="1396d99f-e35d-91e9-dd07-1edfa1fbdaf2" executionId="c036ff96-bdb6-4e14-b6fa-81b542f8848f" testListId="8c84fa94-04c1-424b-9868-57a2d4851a1d" />
    <TestEntry testId="af54d65a-a63f-b657-ac22-35570e6f7de3" executionId="18dd8930-61f9-4b8b-aada-bff97e56cb48" testListId="8c84fa94-04c1-424b-9868-57a2d4851a1d" />
    <TestEntry testId="6eee18df-ee0f-8d67-ebd1-21493d878ced" executionId="79626237-98c2-45cb-ab48-a5b9f09aa0c1" testListId="8c84fa94-04c1-424b-9868-57a2d4851a1d" />
    <TestEntry testId="ef8e1020-a1b1-b839-1a80-fccca8668e13" executionId="9ba3be42-5bb3-4f9e-b063-1ac18f22fdcd" testListId="8c84fa94-04c1-424b-9868-57a2d4851a1d" />
    <TestEntry testId="97967b39-fd34-30ac-35ac-7af407726a12" executionId="73cb0585-9bb0-4134-bca9-785d8afd8000" testListId="8c84fa94-04c1-424b-9868-57a2d4851a1d" />
    <TestEntry testId="3b453569-23ca-0591-b47a-e87f44242f34" executionId="42950c25-4335-4824-a2bf-72aaf635e6d1" testListId="8c84fa94-04c1-424b-9868-57a2d4851a1d" />
    <TestEntry testId="38bca473-3d3d-f56a-06a0-da4437fe830b" executionId="752b4dc7-4bf2-43e6-b5e2-9a6bc81eac25" testListId="8c84fa94-04c1-424b-9868-57a2d4851a1d" />
    <TestEntry testId="ad19a0a4-7ae0-e590-e78d-d89f8018051a" executionId="e9e09893-92b8-4535-8989-023b332537c1" testListId="8c84fa94-04c1-424b-9868-57a2d4851a1d" />
    <TestEntry testId="d233f8de-de77-59dd-5841-8e970c90d1e3" executionId="65a1d40d-7ed2-469c-82be-6442c0c89661" testListId="8c84fa94-04c1-424b-9868-57a2d4851a1d" />
    <TestEntry testId="4c32e081-2bc3-202f-8eff-cd537d95439e" executionId="8646bd76-4bc9-4d1e-8801-7f7072424a29" testListId="8c84fa94-04c1-424b-9868-57a2d4851a1d" />
    <TestEntry testId="34654a39-31bb-8dfb-e8d6-a2f0c87fbfde" executionId="e53620e1-5c6b-40b7-b4b0-c848428fc512" testListId="8c84fa94-04c1-424b-9868-57a2d4851a1d" />
    <TestEntry testId="e0e2b9bb-fd2d-70ce-9488-2feb4311707a" executionId="8d4e3935-0974-47e0-b1ef-6bad85e38132" testListId="8c84fa94-04c1-424b-9868-57a2d4851a1d" />
    <TestEntry testId="3e61c5f6-f0c4-622f-7fd1-1e6e227c72c0" executionId="e4ecaf7a-aa39-43dd-98df-069eb66f4f87" testListId="8c84fa94-04c1-424b-9868-57a2d4851a1d" />
    <TestEntry testId="4f74dcef-5dab-4fd7-29ea-a00a5859147d" executionId="65305b5c-8b04-46f5-b125-c2c4e3bf9d20" testListId="8c84fa94-04c1-424b-9868-57a2d4851a1d" />
    <TestEntry testId="83534c83-6da9-764d-4614-c2bc9f532021" executionId="b1e54c0f-1065-43d8-ac0f-140b6aa4750b" testListId="8c84fa94-04c1-424b-9868-57a2d4851a1d" />
    <TestEntry testId="a45ba68a-f8e4-b396-7637-8379ecc84408" executionId="49f53e04-d82d-4758-9463-a6a308e39089" testListId="8c84fa94-04c1-424b-9868-57a2d4851a1d" />
    <TestEntry testId="fdbec72c-2d99-86e2-0f5e-bed552f8c0ae" executionId="88d2acf3-9e2a-40f7-96c1-c528e54e2c53" testListId="8c84fa94-04c1-424b-9868-57a2d4851a1d" />
    <TestEntry testId="92e069d9-191c-dfa4-8e27-774ce116b07b" executionId="3f51d353-ac6d-466c-bdb1-d5222e25c40d" testListId="8c84fa94-04c1-424b-9868-57a2d4851a1d" />
    <TestEntry testId="cc7dab52-7318-964e-696f-97dcc3807c79" executionId="fdabe1f0-9e53-4458-93fb-3bcc5f7181b9" testListId="8c84fa94-04c1-424b-9868-57a2d4851a1d" />
    <TestEntry testId="68ebcc6d-04d8-9489-8abd-99cdb524ae93" executionId="4ab7261a-2f0f-4d93-ab79-2abf2dbaf035" testListId="8c84fa94-04c1-424b-9868-57a2d4851a1d" />
    <TestEntry testId="df368d86-927f-703c-172c-e635469a41ff" executionId="25012ed8-f53c-431f-87f4-a5d64dc13a82" testListId="8c84fa94-04c1-424b-9868-57a2d4851a1d" />
    <TestEntry testId="846d32c4-fd6a-1b2c-6bee-289539557c12" executionId="e2b73930-4e25-40c8-9089-e1f43fd1290c" testListId="8c84fa94-04c1-424b-9868-57a2d4851a1d" />
    <TestEntry testId="754d5bfb-a4af-11ef-7555-ef2b4dd2ccfe" executionId="7c0d1fe0-00b3-48af-9d72-ccf37da47050" testListId="8c84fa94-04c1-424b-9868-57a2d4851a1d" />
    <TestEntry testId="44f1053e-30e4-1cc1-fc44-ee6add1db94a" executionId="1da36919-abe0-4886-8b2f-1610e9f1aa3f" testListId="8c84fa94-04c1-424b-9868-57a2d4851a1d" />
    <TestEntry testId="244f3659-c83e-e75f-383a-7641dbf67234" executionId="227b76b5-3daf-44b5-b80a-1582d6700c04" testListId="8c84fa94-04c1-424b-9868-57a2d4851a1d" />
    <TestEntry testId="3c951491-4054-ccfe-5ced-00cce163e25d" executionId="533885da-60e9-4de3-a0da-a9f562943053" testListId="8c84fa94-04c1-424b-9868-57a2d4851a1d" />
    <TestEntry testId="19631640-a5db-3b42-740a-33e502ba3168" executionId="f37cdb29-5767-43b8-9075-f44fff769ad6" testListId="8c84fa94-04c1-424b-9868-57a2d4851a1d" />
    <TestEntry testId="4e07980a-4e74-9315-2ffd-35f7a4b82cf6" executionId="4a4fb311-4cde-4a87-9cbc-12dbcecbf15d" testListId="8c84fa94-04c1-424b-9868-57a2d4851a1d" />
    <TestEntry testId="70d52791-971d-15af-23af-961b663ce394" executionId="7e6108fa-d5d8-4c6e-957c-80e10e3e9900" testListId="8c84fa94-04c1-424b-9868-57a2d4851a1d" />
    <TestEntry testId="e174c1b3-ba0f-e7df-e0b0-6c89080e67bd" executionId="14b1187b-07d0-4043-a6ca-48a6f2b0b9a1" testListId="8c84fa94-04c1-424b-9868-57a2d4851a1d" />
    <TestEntry testId="54ed0b33-f053-ebf6-ebad-ee496f94908c" executionId="54e78aa1-6035-4871-bbb7-f31db0cc8446" testListId="8c84fa94-04c1-424b-9868-57a2d4851a1d" />
    <TestEntry testId="76ad332b-30d0-5fe5-8126-a6bb4aa15da5" executionId="ca2c1c43-9ef1-4bd6-8594-36d16883c61d" testListId="8c84fa94-04c1-424b-9868-57a2d4851a1d" />
    <TestEntry testId="c17dd57e-b30f-3bbb-da31-4540e03c2b7d" executionId="0d99f4ae-4883-48ea-8880-768a8b3197a8" testListId="8c84fa94-04c1-424b-9868-57a2d4851a1d" />
    <TestEntry testId="56e45aaa-aa9d-1a0d-df7b-994635178341" executionId="164f1098-6709-4bfe-9b70-39db4cab992c" testListId="8c84fa94-04c1-424b-9868-57a2d4851a1d" />
    <TestEntry testId="bda591ca-2ea6-c1aa-bfcf-c39c1115ecea" executionId="bab5fd26-da3d-4ee5-a69e-edd8509652ff" testListId="8c84fa94-04c1-424b-9868-57a2d4851a1d" />
    <TestEntry testId="7c030848-1771-cdda-c193-480b21b2dfff" executionId="aee343f7-95a1-4d9b-96e4-27dd45cda320" testListId="8c84fa94-04c1-424b-9868-57a2d4851a1d" />
    <TestEntry testId="f6c652c6-ab53-2c1a-a3f9-9a550e64cb7d" executionId="eb09eb34-9fe2-4897-9f0b-606076fb6e49" testListId="8c84fa94-04c1-424b-9868-57a2d4851a1d" />
    <TestEntry testId="516cfb99-41a7-90df-2b1c-6fdf1a399753" executionId="30149ca3-c49c-4bcc-a19f-290b3cff8439" testListId="8c84fa94-04c1-424b-9868-57a2d4851a1d" />
    <TestEntry testId="50933e8d-3ef9-f4ec-2b64-934b3e4a64c1" executionId="1eedb17d-38a4-4a79-82bf-27c61ad6f685" testListId="8c84fa94-04c1-424b-9868-57a2d4851a1d" />
    <TestEntry testId="9b956648-cffc-09d8-5f05-b76f1cd6c645" executionId="8e752138-d304-420e-ad48-17734ff06883" testListId="8c84fa94-04c1-424b-9868-57a2d4851a1d" />
    <TestEntry testId="e94e3528-40cb-2709-bc9a-2e0ffc30304d" executionId="7404b68a-e99a-4222-bd34-ebea8e942679" testListId="8c84fa94-04c1-424b-9868-57a2d4851a1d" />
    <TestEntry testId="aa8ef862-f0ff-146f-a418-305e4d5fe667" executionId="9e3143ad-f02a-43f9-96e4-5a1540d62859" testListId="8c84fa94-04c1-424b-9868-57a2d4851a1d" />
  </TestEntries>
  <TestLists>
    <TestList name="Results Not in a List" id="8c84fa94-04c1-424b-9868-57a2d4851a1d" />
    <TestList name="All Loaded Results" id="19431567-8539-422a-85d7-44ee4e166bda" />
  </TestLists>
  <ResultSummary outcome="Completed">
    <Counters total="56" executed="56" passed="56" failed="0" error="0" timeout="0" aborted="0" inconclusive="0" passedButRunAborted="0" notRunnable="0" notExecuted="0" disconnected="0" warning="0" completed="0" inProgress="0" pending="0" />
    <Output>
      <StdOut>[xUnit.net 00:00:00.00] xUnit.net VSTest Adapter v2.5.3.1+6b60a9e56a (64-bit .NET 8.0.29)&#xD;
[xUnit.net 00:00:00.47]   Discovering: CodePrintManager.Printer.Savema.Tests&#xD;
[xUnit.net 00:00:00.78]   Discovered:  CodePrintManager.Printer.Savema.Tests&#xD;
[xUnit.net 00:00:00.81]   Starting:    CodePrintManager.Printer.Savema.Tests&#xD;
[xUnit.net 00:00:11.69]   Finished:    CodePrintManager.Printer.Savema.Tests&#xD;
</StdOut>
    </Output>
  </ResultSummary>
</TestRun>