<?xml version="1.0" encoding="utf-8"?>
<TestRun id="6cc1e929-1076-425d-8706-2b9e8221a453" name="Vahe@DESKTOP-NU2PNLJ 2026-08-31 04:13:33" runUser="DESKTOP-NU2PNLJ\Vahe" xmlns="http://microsoft.com/schemas/VisualStudio/TeamTest/2010">
  <Times creation="2026-08-31T04:13:33.7633638+04:00" queuing="2026-08-31T04:13:33.7633644+04:00" start="2026-08-31T04:13:30.6313998+04:00" finish="2026-08-31T04:13:34.0976167+04:00" />
  <TestSettings name="default" id="77e65f19-5488-4919-b08f-779fe5470fc5">
    <Deployment runDeploymentRoot="Vahe_DESKTOP-NU2PNLJ_2026-08-31_04_13_33" />
  </TestSettings>
  <Results>
    <UnitTestResult executionId="8aeacff3-4a5a-4d17-8ada-4d4e5ce2560c" testId="572f0cbd-03a3-f8e1-fa59-286c7269443a" testName="CodePrintManager.Domain.Tests.CodeValidatorTests.IsValid_EmptyOrWhitespace_ReturnsFalse(code: &quot;&quot;)" computerName="DESKTOP-NU2PNLJ" duration="00:00:00.0002857" startTime="2026-08-31T04:13:33.6807537+04:00" endTime="2026-08-31T04:13:33.6807540+04:00" testType="13cdc9d9-ddb5-4fa4-a97d-d965ccfc6d4b" outcome="Passed" testListId="8c84fa94-04c1-424b-9868-57a2d4851a1d" relativeResultsDirectory="8aeacff3-4a5a-4d17-8ada-4d4e5ce2560c" />
    <UnitTestResult executionId="0dccf6cb-e287-436c-9b2b-09c2cb3d9a5f" testId="e6a0cc59-be30-eb19-ee07-843c197a0aa7" testName="CodePrintManager.Domain.Tests.CodeValidatorTests.IsValid_ValidCode_ReturnsTrue(code: &quot;010460043993125621ABCDEF&quot;)" computerName="DESKTOP-NU2PNLJ" duration="00:00:00.0000225" startTime="2026-08-31T04:13:33.4866584+04:00" endTime="2026-08-31T04:13:33.4866586+04:00" testType="13cdc9d9-ddb5-4fa4-a97d-d965ccfc6d4b" outcome="Passed" testListId="8c84fa94-04c1-424b-9868-57a2d4851a1d" relativeResultsDirectory="0dccf6cb-e287-436c-9b2b-09c2cb3d9a5f" />
    <UnitTestResult executionId="25d9b6f2-953c-4fba-9859-651e2ca79999" testId="13652620-0981-cb83-40d4-fc859748ef41" testName="CodePrintManager.Domain.Tests.CodeValidatorTests.IsValid_OriginalForbiddenSequence_ReturnsFalse(code: &quot;code~gt~end&quot;, expectedForbidden: &quot;~gt~&quot;)" computerName="DESKTOP-NU2PNLJ" duration="00:00:00.0004569" startTime="2026-08-31T04:13:33.4848116+04:00" endTime="2026-08-31T04:13:33.4848119+04:00" testType="13cdc9d9-ddb5-4fa4-a97d-d965ccfc6d4b" outcome="Passed" testListId="8c84fa94-04c1-424b-9868-57a2d4851a1d" relativeResultsDirectory="25d9b6f2-953c-4fba-9859-651e2ca79999" />
    <UnitTestResult executionId="683f0404-7b4f-4c09-99f9-87796b5264dd" testId="5f789a99-955f-d918-6f79-fd06aab8f39a" testName="CodePrintManager.Domain.Tests.CodeValidatorTests.IsValid_Newline_ReturnsFalse" computerName="DESKTOP-NU2PNLJ" duration="00:00:00.0002099" startTime="2026-08-31T04:13:33.6814815+04:00" endTime="2026-08-31T04:13:33.6814816+04:00" testType="13cdc9d9-ddb5-4fa4-a97d-d965ccfc6d4b" outcome="Passed" testListId="8c84fa94-04c1-424b-9868-57a2d4851a1d" relativeResultsDirectory="683f0404-7b4f-4c09-99f9-87796b5264dd" />
    <UnitTestResult executionId="65d7d7c8-c460-4638-9797-1caa63504028" testId="9a1b46bf-336e-a470-a4e0-02ee8aa12362" testName="CodePrintManager.Domain.Tests.CodeValidatorTests.IsValid_EmptyOrWhitespace_ReturnsFalse(code: null)" computerName="DESKTOP-NU2PNLJ" duration="00:00:00.0000163" startTime="2026-08-31T04:13:33.6813347+04:00" endTime="2026-08-31T04:13:33.6813348+04:00" testType="13cdc9d9-ddb5-4fa4-a97d-d965ccfc6d4b" outcome="Passed" testListId="8c84fa94-04c1-424b-9868-57a2d4851a1d" relativeResultsDirectory="65d7d7c8-c460-4638-9797-1caa63504028" />
    <UnitTestResult executionId="87f17113-a85f-4f93-880d-4eae554f2600" testId="29974703-f92e-cff6-3930-c4335e5d376d" testName="CodePrintManager.Domain.Tests.CodeValidatorTests.IsValid_CarriageReturn_ReturnsFalse" computerName="DESKTOP-NU2PNLJ" duration="00:00:00.0676196" startTime="2026-08-31T04:13:33.5536795+04:00" endTime="2026-08-31T04:13:33.5536801+04:00" testType="13cdc9d9-ddb5-4fa4-a97d-d965ccfc6d4b" outcome="Passed" testListId="8c84fa94-04c1-424b-9868-57a2d4851a1d" relativeResultsDirectory="87f17113-a85f-4f93-880d-4eae554f2600" />
    <UnitTestResult executionId="ade0bf1f-02b3-4157-a996-f1c8cec65146" testId="f2f2673f-0bdc-e2f5-8384-a4a43e67e121" testName="CodePrintManager.Domain.Tests.CodeValidatorTests.IsValid_ValidCode_ReturnsTrue(code: &quot;simple-code-value&quot;)" computerName="DESKTOP-NU2PNLJ" duration="00:00:00.0004593" startTime="2026-08-31T04:13:33.4865032+04:00" endTime="2026-08-31T04:13:33.4865035+04:00" testType="13cdc9d9-ddb5-4fa4-a97d-d965ccfc6d4b" outcome="Passed" testListId="8c84fa94-04c1-424b-9868-57a2d4851a1d" relativeResultsDirectory="ade0bf1f-02b3-4157-a996-f1c8cec65146" />
    <UnitTestResult executionId="1461c1ee-1b5d-4f03-aaa3-b2a4f921cb34" testId="20048553-e842-7499-9628-ed1dcf93af31" testName="CodePrintManager.Domain.Tests.CodeValidatorTests.IsValid_OriginalForbiddenSequence_ReturnsFalse(code: &quot;code~sc~end&quot;, expectedForbidden: &quot;~sc~&quot;)" computerName="DESKTOP-NU2PNLJ" duration="00:00:00.0000153" startTime="2026-08-31T04:13:33.4861370+04:00" endTime="2026-08-31T04:13:33.4861373+04:00" testType="13cdc9d9-ddb5-4fa4-a97d-d965ccfc6d4b" outcome="Passed" testListId="8c84fa94-04c1-424b-9868-57a2d4851a1d" relativeResultsDirectory="1461c1ee-1b5d-4f03-aaa3-b2a4f921cb34" />
    <UnitTestResult executionId="e11fb5cf-caf5-4553-ab5f-6b249692079d" testId="d227e9c8-f246-95f8-b546-5c535360976b" testName="CodePrintManager.Domain.Tests.CodeValidatorTests.IsValid_OriginalForbiddenSequence_ReturnsFalse(code: &quot;code^end&quot;, expectedForbidden: &quot;^&quot;)" computerName="DESKTOP-NU2PNLJ" duration="00:00:00.0251651" startTime="2026-08-31T04:13:33.4766864+04:00" endTime="2026-08-31T04:13:33.4767552+04:00" testType="13cdc9d9-ddb5-4fa4-a97d-d965ccfc6d4b" outcome="Passed" testListId="8c84fa94-04c1-424b-9868-57a2d4851a1d" relativeResultsDirectory="e11fb5cf-caf5-4553-ab5f-6b249692079d" />
    <UnitTestResult executionId="949c7d1e-a206-44f8-a075-4bce6aada67a" testId="9e9e18ab-899c-d3a6-5acb-f4a5337a9ae3" testName="CodePrintManager.Domain.Tests.CodeValidatorTests.IsValid_OriginalForbiddenSequence_ReturnsFalse(code: &quot;code~end&quot;, expectedForbidden: &quot;~&quot;)" computerName="DESKTOP-NU2PNLJ" duration="00:00:00.0000231" startTime="2026-08-31T04:13:33.4859656+04:00" endTime="2026-08-31T04:13:33.4859659+04:00" testType="13cdc9d9-ddb5-4fa4-a97d-d965ccfc6d4b" outcome="Passed" testListId="8c84fa94-04c1-424b-9868-57a2d4851a1d" relativeResultsDirectory="949c7d1e-a206-44f8-a075-4bce6aada67a" />
    <UnitTestResult executionId="e67f4c42-3b6e-4569-a0d4-5f53e4c921d9" testId="5b835c91-73ab-af89-a780-6b51fe17ae84" testName="CodePrintManager.Domain.Tests.CodeValidatorTests.IsValid_Pipe_ReturnsFalse" computerName="DESKTOP-NU2PNLJ" duration="00:00:00.0002263" startTime="2026-08-31T04:13:33.5540383+04:00" endTime="2026-08-31T04:13:33.5540387+04:00" testType="13cdc9d9-ddb5-4fa4-a97d-d965ccfc6d4b" outcome="Passed" testListId="8c84fa94-04c1-424b-9868-57a2d4851a1d" relativeResultsDirectory="e67f4c42-3b6e-4569-a0d4-5f53e4c921d9" />
    <UnitTestResult executionId="7423fc22-225a-45af-b98a-8b035c8ea721" testId="42c280a7-707f-1e1a-b4c3-c919e1745da0" testName="CodePrintManager.Domain.Tests.CodeValidatorTests.IsValid_EmptyOrWhitespace_ReturnsFalse(code: &quot;   &quot;)" computerName="DESKTOP-NU2PNLJ" duration="00:00:00.0002656" startTime="2026-08-31T04:13:33.6812047+04:00" endTime="2026-08-31T04:13:33.6812049+04:00" testType="13cdc9d9-ddb5-4fa4-a97d-d965ccfc6d4b" outcome="Passed" testListId="8c84fa94-04c1-424b-9868-57a2d4851a1d" relativeResultsDirectory="7423fc22-225a-45af-b98a-8b035c8ea721" />
    <UnitTestResult executionId="c4d8a857-e7a4-4aae-b39a-cfe889115a96" testId="b1feccc0-1a2c-be32-c934-5d11f69b9027" testName="CodePrintManager.Domain.Tests.CodeValidatorTests.IsValid_ValidCode_ReturnsTrue(code: &quot;ABC123&quot;)" computerName="DESKTOP-NU2PNLJ" duration="00:00:00.0009612" startTime="2026-08-31T04:13:33.4863575+04:00" endTime="2026-08-31T04:13:33.4863577+04:00" testType="13cdc9d9-ddb5-4fa4-a97d-d965ccfc6d4b" outcome="Passed" testListId="8c84fa94-04c1-424b-9868-57a2d4851a1d" relativeResultsDirectory="c4d8a857-e7a4-4aae-b39a-cfe889115a96" />
  </Results>
  <TestDefinitions>
    <UnitTest name="CodePrintManager.Domain.Tests.CodeValidatorTests.IsValid_Pipe_ReturnsFalse" storage="c:\users\vahe\cascadeprojects\datamatrix-print-service\application\tests\codeprintmanager.domain.tests\bin\debug\net8.0\codeprintmanager.domain.tests.dll" id="5b835c91-73ab-af89-a780-6b51fe17ae84">
      <Execution id="e67f4c42-3b6e-4569-a0d4-5f53e4c921d9" />
      <TestMethod codeBase="C:\Users\Vahe\CascadeProjects\datamatrix-print-service\application\tests\CodePrintManager.Domain.Tests\bin\Debug\net8.0\CodePrintManager.Domain.Tests.dll" adapterTypeName="executor://xunit/VsTestRunner2/netcoreapp" className="CodePrintManager.Domain.Tests.CodeValidatorTests" name="IsValid_Pipe_ReturnsFalse" />
    </UnitTest>
    <UnitTest name="CodePrintManager.Domain.Tests.CodeValidatorTests.IsValid_OriginalForbiddenSequence_ReturnsFalse(code: &quot;code^end&quot;, expectedForbidden: &quot;^&quot;)" storage="c:\users\vahe\cascadeprojects\datamatrix-print-service\application\tests\codeprintmanager.domain.tests\bin\debug\net8.0\codeprintmanager.domain.tests.dll" id="d227e9c8-f246-95f8-b546-5c535360976b">
      <Execution id="e11fb5cf-caf5-4553-ab5f-6b249692079d" />
      <TestMethod codeBase="C:\Users\Vahe\CascadeProjects\datamatrix-print-service\application\tests\CodePrintManager.Domain.Tests\bin\Debug\net8.0\CodePrintManager.Domain.Tests.dll" adapterTypeName="executor://xunit/VsTestRunner2/netcoreapp" className="CodePrintManager.Domain.Tests.CodeValidatorTests" name="IsValid_OriginalForbiddenSequence_ReturnsFalse" />
    </UnitTest>
    <UnitTest name="CodePrintManager.Domain.Tests.CodeValidatorTests.IsValid_CarriageReturn_ReturnsFalse" storage="c:\users\vahe\cascadeprojects\datamatrix-print-service\application\tests\codeprintmanager.domain.tests\bin\debug\net8.0\codeprintmanager.domain.tests.dll" id="29974703-f92e-cff6-3930-c4335e5d376d">
      <Execution id="87f17113-a85f-4f93-880d-4eae554f2600" />
      <TestMethod codeBase="C:\Users\Vahe\CascadeProjects\datamatrix-print-service\application\tests\CodePrintManager.Domain.Tests\bin\Debug\net8.0\CodePrintManager.Domain.Tests.dll" adapterTypeName="executor://xunit/VsTestRunner2/netcoreapp" className="CodePrintManager.Domain.Tests.CodeValidatorTests" name="IsValid_CarriageReturn_ReturnsFalse" />
    </UnitTest>
    <UnitTest name="CodePrintManager.Domain.Tests.CodeValidatorTests.IsValid_Newline_ReturnsFalse" storage="c:\users\vahe\cascadeprojects\datamatrix-print-service\application\tests\codeprintmanager.domain.tests\bin\debug\net8.0\codeprintmanager.domain.tests.dll" id="5f789a99-955f-d918-6f79-fd06aab8f39a">
      <Execution id="683f0404-7b4f-4c09-99f9-87796b5264dd" />
      <TestMethod codeBase="C:\Users\Vahe\CascadeProjects\datamatrix-print-service\application\tests\CodePrintManager.Domain.Tests\bin\Debug\net8.0\CodePrintManager.Domain.Tests.dll" adapterTypeName="executor://xunit/VsTestRunner2/netcoreapp" className="CodePrintManager.Domain.Tests.CodeValidatorTests" name="IsValid_Newline_ReturnsFalse" />
    </UnitTest>
    <UnitTest name="CodePrintManager.Domain.Tests.CodeValidatorTests.IsValid_ValidCode_ReturnsTrue(code: &quot;simple-code-value&quot;)" storage="c:\users\vahe\cascadeprojects\datamatrix-print-service\application\tests\codeprintmanager.domain.tests\bin\debug\net8.0\codeprintmanager.domain.tests.dll" id="f2f2673f-0bdc-e2f5-8384-a4a43e67e121">
      <Execution id="ade0bf1f-02b3-4157-a996-f1c8cec65146" />
      <TestMethod codeBase="C:\Users\Vahe\CascadeProjects\datamatrix-print-service\application\tests\CodePrintManager.Domain.Tests\bin\Debug\net8.0\CodePrintManager.Domain.Tests.dll" adapterTypeName="executor://xunit/VsTestRunner2/netcoreapp" className="CodePrintManager.Domain.Tests.CodeValidatorTests" name="IsValid_ValidCode_ReturnsTrue" />
    </UnitTest>
    <UnitTest name="CodePrintManager.Domain.Tests.CodeValidatorTests.IsValid_OriginalForbiddenSequence_ReturnsFalse(code: &quot;code~sc~end&quot;, expectedForbidden: &quot;~sc~&quot;)" storage="c:\users\vahe\cascadeprojects\datamatrix-print-service\application\tests\codeprintmanager.domain.tests\bin\debug\net8.0\codeprintmanager.domain.tests.dll" id="20048553-e842-7499-9628-ed1dcf93af31">
      <Execution id="1461c1ee-1b5d-4f03-aaa3-b2a4f921cb34" />
      <TestMethod codeBase="C:\Users\Vahe\CascadeProjects\datamatrix-print-service\application\tests\CodePrintManager.Domain.Tests\bin\Debug\net8.0\CodePrintManager.Domain.Tests.dll" adapterTypeName="executor://xunit/VsTestRunner2/netcoreapp" className="CodePrintManager.Domain.Tests.CodeValidatorTests" name="IsValid_OriginalForbiddenSequence_ReturnsFalse" />
    </UnitTest>
    <UnitTest name="CodePrintManager.Domain.Tests.CodeValidatorTests.IsValid_EmptyOrWhitespace_ReturnsFalse(code: &quot;   &quot;)" storage="c:\users\vahe\cascadeprojects\datamatrix-print-service\application\tests\codeprintmanager.domain.tests\bin\debug\net8.0\codeprintmanager.domain.tests.dll" id="42c280a7-707f-1e1a-b4c3-c919e1745da0">
      <Execution id="7423fc22-225a-45af-b98a-8b035c8ea721" />
      <TestMethod codeBase="C:\Users\Vahe\CascadeProjects\datamatrix-print-service\application\tests\CodePrintManager.Domain.Tests\bin\Debug\net8.0\CodePrintManager.Domain.Tests.dll" adapterTypeName="executor://xunit/VsTestRunner2/netcoreapp" className="CodePrintManager.Domain.Tests.CodeValidatorTests" name="IsValid_EmptyOrWhitespace_ReturnsFalse" />
    </UnitTest>
    <UnitTest name="CodePrintManager.Domain.Tests.CodeValidatorTests.IsValid_ValidCode_ReturnsTrue(code: &quot;ABC123&quot;)" storage="c:\users\vahe\cascadeprojects\datamatrix-print-service\application\tests\codeprintmanager.domain.tests\bin\debug\net8.0\codeprintmanager.domain.tests.dll" id="b1feccc0-1a2c-be32-c934-5d11f69b9027">
      <Execution id="c4d8a857-e7a4-4aae-b39a-cfe889115a96" />
      <TestMethod codeBase="C:\Users\Vahe\CascadeProjects\datamatrix-print-service\application\tests\CodePrintManager.Domain.Tests\bin\Debug\net8.0\CodePrintManager.Domain.Tests.dll" adapterTypeName="executor://xunit/VsTestRunner2/netcoreapp" className="CodePrintManager.Domain.Tests.CodeValidatorTests" name="IsValid_ValidCode_ReturnsTrue" />
    </UnitTest>
    <UnitTest name="CodePrintManager.Domain.Tests.CodeValidatorTests.IsValid_EmptyOrWhitespace_ReturnsFalse(code: &quot;&quot;)" storage="c:\users\vahe\cascadeprojects\datamatrix-print-service\application\tests\codeprintmanager.domain.tests\bin\debug\net8.0\codeprintmanager.domain.tests.dll" id="572f0cbd-03a3-f8e1-fa59-286c7269443a">
      <Execution id="8aeacff3-4a5a-4d17-8ada-4d4e5ce2560c" />
      <TestMethod codeBase="C:\Users\Vahe\CascadeProjects\datamatrix-print-service\application\tests\CodePrintManager.Domain.Tests\bin\Debug\net8.0\CodePrintManager.Domain.Tests.dll" adapterTypeName="executor://xunit/VsTestRunner2/netcoreapp" className="CodePrintManager.Domain.Tests.CodeValidatorTests" name="IsValid_EmptyOrWhitespace_ReturnsFalse" />
    </UnitTest>
    <UnitTest name="CodePrintManager.Domain.Tests.CodeValidatorTests.IsValid_EmptyOrWhitespace_ReturnsFalse(code: null)" storage="c:\users\vahe\cascadeprojects\datamatrix-print-service\application\tests\codeprintmanager.domain.tests\bin\debug\net8.0\codeprintmanager.domain.tests.dll" id="9a1b46bf-336e-a470-a4e0-02ee8aa12362">
      <Execution id="65d7d7c8-c460-4638-9797-1caa63504028" />
      <TestMethod codeBase="C:\Users\Vahe\CascadeProjects\datamatrix-print-service\application\tests\CodePrintManager.Domain.Tests\bin\Debug\net8.0\CodePrintManager.Domain.Tests.dll" adapterTypeName="executor://xunit/VsTestRunner2/netcoreapp" className="CodePrintManager.Domain.Tests.CodeValidatorTests" name="IsValid_EmptyOrWhitespace_ReturnsFalse" />
    </UnitTest>
    <UnitTest name="CodePrintManager.Domain.Tests.CodeValidatorTests.IsValid_OriginalForbiddenSequence_ReturnsFalse(code: &quot;code~end&quot;, expectedForbidden: &quot;~&quot;)" storage="c:\users\vahe\cascadeprojects\datamatrix-print-service\application\tests\codeprintmanager.domain.tests\bin\debug\net8.0\codeprintmanager.domain.tests.dll" id="9e9e18ab-899c-d3a6-5acb-f4a5337a9ae3">
      <Execution id="949c7d1e-a206-44f8-a075-4bce6aada67a" />
      <TestMethod codeBase="C:\Users\Vahe\CascadeProjects\datamatrix-print-service\application\tests\CodePrintManager.Domain.Tests\bin\Debug\net8.0\CodePrintManager.Domain.Tests.dll" adapterTypeName="executor://xunit/VsTestRunner2/netcoreapp" className="CodePrintManager.Domain.Tests.CodeValidatorTests" name="IsValid_OriginalForbiddenSequence_ReturnsFalse" />
    </UnitTest>
    <UnitTest name="CodePrintManager.Domain.Tests.CodeValidatorTests.IsValid_OriginalForbiddenSequence_ReturnsFalse(code: &quot;code~gt~end&quot;, expectedForbidden: &quot;~gt~&quot;)" storage="c:\users\vahe\cascadeprojects\datamatrix-print-service\application\tests\codeprintmanager.domain.tests\bin\debug\net8.0\codeprintmanager.domain.tests.dll" id="13652620-0981-cb83-40d4-fc859748ef41">
      <Execution id="25d9b6f2-953c-4fba-9859-651e2ca79999" />
      <TestMethod codeBase="C:\Users\Vahe\CascadeProjects\datamatrix-print-service\application\tests\CodePrintManager.Domain.Tests\bin\Debug\net8.0\CodePrintManager.Domain.Tests.dll" adapterTypeName="executor://xunit/VsTestRunner2/netcoreapp" className="CodePrintManager.Domain.Tests.CodeValidatorTests" name="IsValid_OriginalForbiddenSequence_ReturnsFalse" />
    </UnitTest>
    <UnitTest name="CodePrintManager.Domain.Tests.CodeValidatorTests.IsValid_ValidCode_ReturnsTrue(code: &quot;010460043993125621ABCDEF&quot;)" storage="c:\users\vahe\cascadeprojects\datamatrix-print-service\application\tests\codeprintmanager.domain.tests\bin\debug\net8.0\codeprintmanager.domain.tests.dll" id="e6a0cc59-be30-eb19-ee07-843c197a0aa7">
      <Execution id="0dccf6cb-e287-436c-9b2b-09c2cb3d9a5f" />
      <TestMethod codeBase="C:\Users\Vahe\CascadeProjects\datamatrix-print-service\application\tests\CodePrintManager.Domain.Tests\bin\Debug\net8.0\CodePrintManager.Domain.Tests.dll" adapterTypeName="executor://xunit/VsTestRunner2/netcoreapp" className="CodePrintManager.Domain.Tests.CodeValidatorTests" name="IsValid_ValidCode_ReturnsTrue" />
    </UnitTest>
  </TestDefinitions>
  <TestEntries>
    <TestEntry testId="572f0cbd-03a3-f8e1-fa59-286c7269443a" executionId="8aeacff3-4a5a-4d17-8ada-4d4e5ce2560c" testListId="8c84fa94-04c1-424b-9868-57a2d4851a1d" />
    <TestEntry testId="e6a0cc59-be30-eb19-ee07-843c197a0aa7" executionId="0dccf6cb-e287-436c-9b2b-09c2cb3d9a5f" testListId="8c84fa94-04c1-424b-9868-57a2d4851a1d" />
    <TestEntry testId="13652620-0981-cb83-40d4-fc859748ef41" executionId="25d9b6f2-953c-4fba-9859-651e2ca79999" testListId="8c84fa94-04c1-424b-9868-57a2d4851a1d" />
    <TestEntry testId="5f789a99-955f-d918-6f79-fd06aab8f39a" executionId="683f0404-7b4f-4c09-99f9-87796b5264dd" testListId="8c84fa94-04c1-424b-9868-57a2d4851a1d" />
    <TestEntry testId="9a1b46bf-336e-a470-a4e0-02ee8aa12362" executionId="65d7d7c8-c460-4638-9797-1caa63504028" testListId="8c84fa94-04c1-424b-9868-57a2d4851a1d" />
    <TestEntry testId="29974703-f92e-cff6-3930-c4335e5d376d" executionId="87f17113-a85f-4f93-880d-4eae554f2600" testListId="8c84fa94-04c1-424b-9868-57a2d4851a1d" />
    <TestEntry testId="f2f2673f-0bdc-e2f5-8384-a4a43e67e121" executionId="ade0bf1f-02b3-4157-a996-f1c8cec65146" testListId="8c84fa94-04c1-424b-9868-57a2d4851a1d" />
    <TestEntry testId="20048553-e842-7499-9628-ed1dcf93af31" executionId="1461c1ee-1b5d-4f03-aaa3-b2a4f921cb34" testListId="8c84fa94-04c1-424b-9868-57a2d4851a1d" />
    <TestEntry testId="d227e9c8-f246-95f8-b546-5c535360976b" executionId="e11fb5cf-caf5-4553-ab5f-6b249692079d" testListId="8c84fa94-04c1-424b-9868-57a2d4851a1d" />
    <TestEntry testId="9e9e18ab-899c-d3a6-5acb-f4a5337a9ae3" executionId="949c7d1e-a206-44f8-a075-4bce6aada67a" testListId="8c84fa94-04c1-424b-9868-57a2d4851a1d" />
    <TestEntry testId="5b835c91-73ab-af89-a780-6b51fe17ae84" executionId="e67f4c42-3b6e-4569-a0d4-5f53e4c921d9" testListId="8c84fa94-04c1-424b-9868-57a2d4851a1d" />
    <TestEntry testId="42c280a7-707f-1e1a-b4c3-c919e1745da0" executionId="7423fc22-225a-45af-b98a-8b035c8ea721" testListId="8c84fa94-04c1-424b-9868-57a2d4851a1d" />
    <TestEntry testId="b1feccc0-1a2c-be32-c934-5d11f69b9027" executionId="c4d8a857-e7a4-4aae-b39a-cfe889115a96" testListId="8c84fa94-04c1-424b-9868-57a2d4851a1d" />
  </TestEntries>
  <TestLists>
    <TestList name="Results Not in a List" id="8c84fa94-04c1-424b-9868-57a2d4851a1d" />
    <TestList name="All Loaded Results" id="19431567-8539-422a-85d7-44ee4e166bda" />
  </TestLists>
  <ResultSummary outcome="Completed">
    <Counters total="13" executed="13" passed="13" failed="0" error="0" timeout="0" aborted="0" inconclusive="0" passedButRunAborted="0" notRunnable="0" notExecuted="0" disconnected="0" warning="0" completed="0" inProgress="0" pending="0" />
    <Output>
      <StdOut>[xUnit.net 00:00:00.00] xUnit.net VSTest Adapter v2.5.3.1+6b60a9e56a (64-bit .NET 8.0.29)&#xD;
[xUnit.net 00:00:00.29]   Discovering: CodePrintManager.Domain.Tests&#xD;
[xUnit.net 00:00:00.59]   Discovered:  CodePrintManager.Domain.Tests&#xD;
[xUnit.net 00:00:00.60]   Starting:    CodePrintManager.Domain.Tests&#xD;
[xUnit.net 00:00:01.30]   Finished:    CodePrintManager.Domain.Tests&#xD;
</StdOut>
    </Output>
  </ResultSummary>
</TestRun>