2026-08-08 11:56:56.387 +04:00 [INF] Application started. Press Ctrl+C to shut down.
2026-08-08 11:56:56.442 +04:00 [INF] Hosting environment: Production
2026-08-08 11:56:56.443 +04:00 [INF] Content root path: C:\Users\Vahe\CascadeProjects\datamatrix-print-service\application
2026-08-08 11:56:57.547 +04:00 [INF] Executed DbCommand (24ms) [Parameters=[], CommandType='"Text"', CommandTimeout='30']
PRAGMA journal_mode = 'wal';
2026-08-08 11:56:57.670 +04:00 [INF] Executed DbCommand (11ms) [Parameters=[], CommandType='"Text"', CommandTimeout='30']
CREATE TABLE "__EFMigrationsHistory" (
    "MigrationId" TEXT NOT NULL CONSTRAINT "PK___EFMigrationsHistory" PRIMARY KEY,
    "ProductVersion" TEXT NOT NULL
);
2026-08-08 11:56:57.689 +04:00 [INF] Executed DbCommand (4ms) [Parameters=[], CommandType='"Text"', CommandTimeout='30']
SELECT COUNT(*) FROM "sqlite_master" WHERE "name" = '__EFMigrationsHistory' AND "type" = 'table';
2026-08-08 11:56:57.695 +04:00 [INF] Executed DbCommand (1ms) [Parameters=[], CommandType='"Text"', CommandTimeout='30']
SELECT "MigrationId", "ProductVersion"
FROM "__EFMigrationsHistory"
ORDER BY "MigrationId";
2026-08-08 11:56:57.717 +04:00 [INF] Applying migration '20260808075447_InitialCreate'.
2026-08-08 11:56:57.770 +04:00 [INF] Executed DbCommand (0ms) [Parameters=[], CommandType='"Text"', CommandTimeout='30']
CREATE TABLE "audit_log" (
    "Id" INTEGER NOT NULL CONSTRAINT "PK_audit_log" PRIMARY KEY AUTOINCREMENT,
    "EventType" TEXT NOT NULL,
    "ProductId" INTEGER NULL,
    "PrinterId" INTEGER NULL,
    "JobId" INTEGER NULL,
    "Details" TEXT NULL,
    "CreatedAt" TEXT NOT NULL
);
2026-08-08 11:56:57.770 +04:00 [INF] Executed DbCommand (0ms) [Parameters=[], CommandType='"Text"', CommandTimeout='30']
CREATE TABLE "printers" (
    "Id" INTEGER NOT NULL CONSTRAINT "PK_printers" PRIMARY KEY AUTOINCREMENT,
    "Name" TEXT NOT NULL,
    "IpAddress" TEXT NOT NULL,
    "Port" INTEGER NOT NULL DEFAULT 9100,
    "Model" TEXT NULL,
    "AdapterType" TEXT NOT NULL DEFAULT 'savema_tto',
    "IsActive" INTEGER NOT NULL DEFAULT 1,
    "CreatedAt" TEXT NOT NULL,
    "UpdatedAt" TEXT NOT NULL
);
2026-08-08 11:56:57.771 +04:00 [INF] Executed DbCommand (0ms) [Parameters=[], CommandType='"Text"', CommandTimeout='30']
CREATE TABLE "product_nodes" (
    "Id" INTEGER NOT NULL CONSTRAINT "PK_product_nodes" PRIMARY KEY AUTOINCREMENT,
    "ParentId" INTEGER NULL,
    "Name" TEXT NOT NULL,
    "IsLeaf" INTEGER NOT NULL DEFAULT 0,
    "TemplateFile" TEXT NULL,
    "PrinterCsvName" TEXT NULL,
    "CreatedAt" TEXT NOT NULL,
    "UpdatedAt" TEXT NOT NULL,
    CONSTRAINT "FK_product_nodes_product_nodes_ParentId" FOREIGN KEY ("ParentId") REFERENCES "product_nodes" ("Id") ON DELETE RESTRICT
);
2026-08-08 11:56:57.771 +04:00 [INF] Executed DbCommand (0ms) [Parameters=[], CommandType='"Text"', CommandTimeout='30']
CREATE TABLE "print_jobs" (
    "Id" INTEGER NOT NULL CONSTRAINT "PK_print_jobs" PRIMARY KEY AUTOINCREMENT,
    "ProductId" INTEGER NOT NULL,
    "PrinterId" INTEGER NOT NULL,
    "Quantity" INTEGER NOT NULL,
    "Status" TEXT NOT NULL DEFAULT 'Preparing',
    "TotalBaseline" INTEGER NULL,
    "CodesConfirmed" INTEGER NOT NULL DEFAULT 0,
    "StartedAt" TEXT NULL,
    "CompletedAt" TEXT NULL,
    "CreatedAt" TEXT NOT NULL,
    CONSTRAINT "FK_print_jobs_printers_PrinterId" FOREIGN KEY ("PrinterId") REFERENCES "printers" ("Id") ON DELETE RESTRICT,
    CONSTRAINT "FK_print_jobs_product_nodes_ProductId" FOREIGN KEY ("ProductId") REFERENCES "product_nodes" ("Id") ON DELETE RESTRICT
);
2026-08-08 11:56:57.771 +04:00 [INF] Executed DbCommand (0ms) [Parameters=[], CommandType='"Text"', CommandTimeout='30']
CREATE TABLE "codes" (
    "Id" INTEGER NOT NULL CONSTRAINT "PK_codes" PRIMARY KEY AUTOINCREMENT,
    "ProductId" INTEGER NOT NULL,
    "CodeText" TEXT NOT NULL,
    "Status" TEXT NOT NULL DEFAULT 'Available',
    "ImportOrder" INTEGER NOT NULL,
    "ImportBatch" TEXT NULL,
    "JobId" INTEGER NULL,
    "StatusChangedAt" TEXT NULL,
    "CreatedAt" TEXT NOT NULL,
    CONSTRAINT "FK_codes_print_jobs_JobId" FOREIGN KEY ("JobId") REFERENCES "print_jobs" ("Id") ON DELETE SET NULL,
    CONSTRAINT "FK_codes_product_nodes_ProductId" FOREIGN KEY ("ProductId") REFERENCES "product_nodes" ("Id") ON DELETE RESTRICT
);
2026-08-08 11:56:57.772 +04:00 [INF] Executed DbCommand (1ms) [Parameters=[], CommandType='"Text"', CommandTimeout='30']
CREATE INDEX "IX_audit_log_CreatedAt" ON "audit_log" ("CreatedAt");
2026-08-08 11:56:57.773 +04:00 [INF] Executed DbCommand (0ms) [Parameters=[], CommandType='"Text"', CommandTimeout='30']
CREATE INDEX "IX_audit_log_ProductId" ON "audit_log" ("ProductId");
2026-08-08 11:56:57.773 +04:00 [INF] Executed DbCommand (0ms) [Parameters=[], CommandType='"Text"', CommandTimeout='30']
CREATE UNIQUE INDEX "IX_codes_CodeText" ON "codes" ("CodeText");
2026-08-08 11:56:57.773 +04:00 [INF] Executed DbCommand (0ms) [Parameters=[], CommandType='"Text"', CommandTimeout='30']
CREATE INDEX "IX_codes_JobId" ON "codes" ("JobId");
2026-08-08 11:56:57.773 +04:00 [INF] Executed DbCommand (0ms) [Parameters=[], CommandType='"Text"', CommandTimeout='30']
CREATE INDEX "IX_codes_ProductId_Status" ON "codes" ("ProductId", "Status");
2026-08-08 11:56:57.773 +04:00 [INF] Executed DbCommand (0ms) [Parameters=[], CommandType='"Text"', CommandTimeout='30']
CREATE INDEX "IX_codes_Status" ON "codes" ("Status");
2026-08-08 11:56:57.774 +04:00 [INF] Executed DbCommand (0ms) [Parameters=[], CommandType='"Text"', CommandTimeout='30']
CREATE UNIQUE INDEX "IX_print_jobs_PrinterId" ON "print_jobs" ("PrinterId") WHERE [Status] IN ('Preparing', 'Ready', 'Printing');
2026-08-08 11:56:57.774 +04:00 [INF] Executed DbCommand (0ms) [Parameters=[], CommandType='"Text"', CommandTimeout='30']
CREATE UNIQUE INDEX "IX_print_jobs_ProductId" ON "print_jobs" ("ProductId") WHERE [Status] IN ('Preparing', 'Ready', 'Printing');
2026-08-08 11:56:57.774 +04:00 [INF] Executed DbCommand (0ms) [Parameters=[], CommandType='"Text"', CommandTimeout='30']
CREATE INDEX "IX_print_jobs_Status" ON "print_jobs" ("Status");
2026-08-08 11:56:57.774 +04:00 [INF] Executed DbCommand (0ms) [Parameters=[], CommandType='"Text"', CommandTimeout='30']
CREATE INDEX "IX_product_nodes_ParentId" ON "product_nodes" ("ParentId");
2026-08-08 11:56:57.774 +04:00 [INF] Executed DbCommand (0ms) [Parameters=[], CommandType='"Text"', CommandTimeout='30']
INSERT INTO "__EFMigrationsHistory" ("MigrationId", "ProductVersion")
VALUES ('20260808075447_InitialCreate', '8.0.11');
2026-08-08 11:56:59.490 +04:00 [INF] Executed DbCommand (0ms) [Parameters=[], CommandType='"Text"', CommandTimeout='30']
SELECT "p"."Id", "p"."AdapterType", "p"."CreatedAt", "p"."IpAddress", "p"."IsActive", "p"."Model", "p"."Name", "p"."Port", "p"."UpdatedAt"
FROM "printers" AS "p"
2026-08-08 11:56:59.647 +04:00 [INF] Executed DbCommand (0ms) [Parameters=[], CommandType='"Text"', CommandTimeout='30']
SELECT COUNT(*)
FROM "print_jobs" AS "p"
WHERE "p"."Status" IN ('Printing', 'Ready')
2026-08-08 11:56:59.660 +04:00 [INF] Executed DbCommand (0ms) [Parameters=[], CommandType='"Text"', CommandTimeout='30']
SELECT COUNT(*)
FROM "codes" AS "c"
WHERE "c"."Status" = 'Available'
2026-08-08 11:56:59.676 +04:00 [INF] Executed DbCommand (4ms) [Parameters=[@__today_0='?' (DbType = DateTime)], CommandType='"Text"', CommandTimeout='30']
SELECT COUNT(*)
FROM "codes" AS "c"
WHERE "c"."Status" = 'Printed' AND "c"."StatusChangedAt" >= @__today_0
